###############################################################################
#                                                                             #
# IAR ELF Linker V6.50.5.4819/W32 for ARM               02/Apr/2015  04:31:10 #
# Copyright 2007-2013 IAR Systems AB.                                         #
#                                                                             #
#    Output file  =  F:\Development\GS2000\5.1.5\02_Apr_2015_04_30_38\adk\tls #
#                    \build\Debug\Exe\app.out                                 #
#    Map file     =  F:\Development\GS2000\5.1.5\02_Apr_2015_04_30_38\adk\tls #
#                    \build\Debug\List\app.map                                #
#    Command line =  F:\Development\GS2000\5.1.5\02_Apr_2015_04_30_38\adk\tls #
#                    \build\Debug\Obj\app_ext_flash.o                         #
#                    F:\Development\GS2000\5.1.5\02_Apr_2015_04_30_38\adk\tls #
#                    \build\Debug\Obj\app_main.o                              #
#                    F:\Development\GS2000\5.1.5\02_Apr_2015_04_30_38\adk\tls #
#                    \build\Debug\Obj\app_main_thread.o                       #
#                    F:\Development\GS2000\5.1.5\02_Apr_2015_04_30_38\adk\tls #
#                    \build\Debug\Obj\app_startup.o                           #
#                    F:\Development\GS2000\5.1.5\02_Apr_2015_04_30_38\geps\li #
#                    b\gsn_modules_flash.a F:\Development\GS2000\5.1.5\02_Apr #
#                    _2015_04_30_38\adk\otafu\lib\otafu.a                     #
#                    F:\Development\GS2000\5.1.5\02_Apr_2015_04_30_38\adk\tls #
#                    \build\prefetch.a F:\Development\GS2000\5.1.5\02_Apr_201 #
#                    5_04_30_38\geps\lib\rom-final.a                          #
#                    F:\Development\GS2000\5.1.5\02_Apr_2015_04_30_38\geps\li #
#                    b\rom_patch_app.a F:\Development\GS2000\5.1.5\02_Apr_201 #
#                    5_04_30_38\geps\lib\rom_patch_auto.a                     #
#                    F:\Development\GS2000\5.1.5\02_Apr_2015_04_30_38\geps\li #
#                    b\rom_patch_fpt.a F:\Development\GS2000\5.1.5\02_Apr_201 #
#                    5_04_30_38\adk\provisioning\lib\web_prov.a --redirect    #
#                    _Printf=_PrintfFull --redirect _Scanf=_ScanfFull -o      #
#                    F:\Development\GS2000\5.1.5\02_Apr_2015_04_30_38\adk\tls #
#                    \build\Debug\Exe\app.out --keep GsnStartup_Main --map    #
#                    F:\Development\GS2000\5.1.5\02_Apr_2015_04_30_38\adk\tls #
#                    \build\Debug\List\app.map --config                       #
#                    F:\Development\GS2000\5.1.5\02_Apr_2015_04_30_38\adk\tls #
#                    \build\app_flashFetch.icf -f                             #
#                    F:\Development\GS2000\5.1.5\02_Apr_2015_04_30_38\adk\tls #
#                    \build\..\..\..\geps\lib\rom_patch_fpt_symbols.txt       #
#                    (--keep CHECK_IPV6_SOLICITED_NODE_MCAST_ADDRESS_FP       #
#                    --keep CountTabsAndSpaces_FP --keep FD_CLR_FP --keep     #
#                    FD_ISSET_FP --keep FD_SET_FP --keep FD_ZERO_FP --keep    #
#                    FillValue_FP --keep Format_FP --keep Format_Ram_FP       #
#                    --keep GetFat_FP --keep GetSector_FP --keep              #
#                    GetSector_Ram_FP --keep GsnBlobIf_Add_FP --keep          #
#                    GsnBlobIf_DeleteAll_FP --keep GsnBlobIf_Get_FP --keep    #
#                    GsnClkCtl_ClkSrcDisable_FP --keep                        #
#                    GsnClkCtl_ClkSrcEnable_FP --keep                         #
#                    GsnClkCtl_ClkStableCheck_FP --keep                       #
#                    GsnClkCtl_Cm3ClkCfg_FP --keep GsnClkCtl_Cm3ClkSwitch_FP  #
#                    --keep GsnClkCtl_HsRcCal_FP --keep GsnClkCtl_Init_FP     #
#                    --keep GsnDhcpSrvr_ClientDelete_FP --keep                #
#                    GsnDhcpSrvr_ClientQuery_FP --keep GsnDhcpSrvr_Start_FP   #
#                    --keep GsnDhcpSrvr_Stop_FP --keep                        #
#                    GsnDhcpv6Srvr_AddDuid_FP --keep GsnDhcpv6Srvr_AddIa_FP   #
#                    --keep GsnDhcpv6Srvr_AddIana_FP --keep                   #
#                    GsnDhcpv6Srvr_GetData_FP --keep                          #
#                    GsnDhcpv6Srvr_GetOptionLength_FP --keep                  #
#                    GsnDhcpv6Srvr_Init_FP --keep                             #
#                    GsnDhcpv6Srvr_ProcessDuid_FP --keep                      #
#                    GsnDhcpv6Srvr_ProcessIa_FP --keep                        #
#                    GsnDhcpv6Srvr_ProcessIana_FP --keep                      #
#                    GsnDhcpv6Srvr_SendResponse_FP --keep                     #
#                    GsnDhcpv6Srvr_Stop_FP --keep                             #
#                    GsnDhcpv6Srvr_addClientDuid_FP --keep                    #
#                    GsnDhcpv6Srvr_getAvailableIndex_FP --keep                #
#                    GsnDhcpv6Srvr_getIpAddress_FP --keep                     #
#                    GsnDhcpv6Srvr_isClientExist_FP --keep                    #
#                    GsnDhcpv6Srvr_parsePacketAndReply_FP --keep              #
#                    GsnDhcpv6Srvr_start_FP --keep                            #
#                    GsnDma_CallBackRegister_FP --keep                        #
#                    GsnDma_ChannelControlGetAlternate_FP --keep              #
#                    GsnDma_ChannelControlGetPrimary_FP --keep                #
#                    GsnDma_ChannelControlSetAlternate_FP --keep              #
#                    GsnDma_ChannelControlSetPrimary_FP --keep                #
#                    GsnDma_ChannelDisable_FP --keep GsnDma_ChannelEnable_FP  #
#                    --keep GsnDma_ChannelIDValid_FP --keep                   #
#                    GsnDma_ChannelPriAltClear_FP --keep                      #
#                    GsnDma_ChannelPriAltSet_FP --keep                        #
#                    GsnDma_ChannelSoftwareRequest_FP --keep                  #
#                    GsnDma_ChannelTransferSetAlternate_FP --keep             #
#                    GsnDma_ChannelTransferSetPrimary_FP --keep               #
#                    GsnDma_Close_FP --keep GsnDma_CurrentDestAddrGetPrimary_ #
#                    FP --keep GsnDma_CurrentDestAddrGet_FP --keep            #
#                    GsnDma_CurrentSourceAddrGet_FP --keep                    #
#                    GsnDma_CycleControl_FP --keep                            #
#                    GsnDma_CycleTypeGetAlternate_FP --keep                   #
#                    GsnDma_CycleTypeGetPrimary_FP --keep GsnDma_Disable_FP   #
#                    --keep GsnDma_Enable_FP --keep                           #
#                    GsnDma_IndividualClose_FP --keep GsnDma_Open_FP --keep   #
#                    GsnDma_RemainTransferCountGetAlternate_FP --keep         #
#                    GsnDma_RemainTransferCountGetPrimary_FP --keep           #
#                    GsnDma_RemainTransferCountGet_FP --keep                  #
#                    GsnDma_StatusGet_FP --keep GsnDma_specificChannelAddress #
#                    Alternate_FP --keep GsnDma_specificChannelAddressPrimary #
#                    _FP --keep GsnDnsSrvr_Start_FP --keep                    #
#                    GsnDnsSrvr_Stop_FP --keep GsnDot154if_CtrlCb_FP --keep   #
#                    GsnDot154if_DataCb_FP --keep GsnDot154if_Init_FP --keep  #
#                    GsnDtls_Close_FP --keep GsnDtls_Open_FP --keep           #
#                    GsnDtls_Receive_FP --keep GsnDtls_Send_FP --keep         #
#                    GsnDynMemMgmt_Alloc_FP --keep GsnDynMemMgmt_Free_FP      #
#                    --keep GsnDynMemMgmt_Realloc_FP --keep                   #
#                    GsnEapIf_CertSet_FP --keep GsnEapIf_ConfigDelete_FP      #
#                    --keep GsnEapIf_ConfigSet_FP --keep GsnEapIf_PacSet_FP   #
#                    --keep GsnEapIf_Phase2StrGet_FP --keep                   #
#                    GsnEapIf_RegisterMethods_FP --keep GsnEapolIf_Init_FP    #
#                    --keep GsnEmu_DeInit_FP --keep GsnEmu_GetConfPtr_FP      #
#                    --keep GsnEmu_GetElectricParams_FP --keep                #
#                    GsnEmu_GetInstantElectricParams_FP --keep                #
#                    GsnEmu_GetLoadStatus_FP --keep GsnEmu_GetMode_FP --keep  #
#                    GsnEmu_GetState_FP --keep GsnEmu_GetSupportedModules_FP  #
#                    --keep GsnEmu_GetVersion_FP --keep GsnEmu_Init_FP        #
#                    --keep GsnEmu_LoadControl_FP --keep                      #
#                    GsnEmu_MsgProcess_FP --keep GsnEmu_Pause_FP --keep       #
#                    GsnEmu_Pl722xComputeElecParams_FP --keep                 #
#                    GsnEmu_Pl722xLoadControl_FP --keep                       #
#                    GsnEmu_Pl722xResetEnergy_FP --keep                       #
#                    GsnEmu_Pl722xStart_FP --keep GsnEmu_Pl722xStop_FP        #
#                    --keep GsnEmu_Pl722xTimerCb_FP --keep                    #
#                    GsnEmu_PrivateCheckThrehold_FP --keep                    #
#                    GsnEmu_ResetEnergy_FP --keep GsnEmu_Resume_FP --keep     #
#                    GsnEmu_SdAdcCb_FP --keep GsnEmu_SdAdcComputeElecParams_F #
#                    P --keep GsnEmu_SdAdcGetInstantValues_FP --keep          #
#                    GsnEmu_SdAdcLoadControl_FP --keep                        #
#                    GsnEmu_SdAdcResetEnergy_FP --keep GsnEmu_SdAdcStart_FP   #
#                    --keep GsnEmu_SdAdcStop_FP --keep GsnEmu_Start_FP        #
#                    --keep GsnEmu_Stop_FP --keep GsnEventHandler_Create_FP   #
#                    --keep GsnEventHandler_Delete_FP --keep                  #
#                    GsnEventHandler_EventGet_FP --keep                       #
#                    GsnEventHandler_EventSet_FP --keep GsnFSpi_OpenFP        #
#                    --keep GsnFlashCache_BlkFetchRemap_FP --keep             #
#                    GsnFlashCache_BlkFetch_FP --keep                         #
#                    GsnFlashCache_BlkRemapSet_FP --keep                      #
#                    GsnFlashCache_Init_FP --keep GsnFlashCache_Isr_FP        #
#                    --keep GsnFlashCache_PatchCtlSet_FP --keep               #
#                    GsnFlashCache_PatchTagGet_FP --keep                      #
#                    GsnFlashCache_PatchTagSet_FP --keep GsnFlashIf_Close_FP  #
#                    --keep GsnFlashIf_DmaCtlSet_FP --keep                    #
#                    GsnFlashIf_FlashBulkErase_FP --keep                      #
#                    GsnFlashIf_FlashErase_FP --keep                          #
#                    GsnFlashIf_FlashPowerDown_FP --keep                      #
#                    GsnFlashIf_FlashProgram_FP --keep                        #
#                    GsnFlashIf_FlashRead_FP --keep                           #
#                    GsnFlashIf_FlashRegWrite_FP --keep                       #
#                    GsnFlashIf_FlashSectorErase_FP --keep                    #
#                    GsnFlashIf_FlashSubsectorErase_FP --keep                 #
#                    GsnFlashIf_Init_FP --keep GsnFlashIf_Open_FP --keep      #
#                    GsnFwup_DeInit_FP --keep GsnFwup_DownLoadEnd_FP --keep   #
#                    GsnFwup_DownLoad_FP --keep GsnFwup_FwInfoParse_FP        #
#                    --keep GsnFwup_FwValidCheck_FP --keep GsnFwup_Init_FP    #
#                    --keep GsnGpio_DirSet_FP --keep GsnGpio_Init_FP --keep   #
#                    GsnGpio_IntCbRegister_FP --keep GsnGpio_NEIntClear_FP    #
#                    --keep GsnGpio_NEIntEnable_FP --keep GsnGpio_OutSet_FP   #
#                    --keep GsnGpio_PEIntClear_FP --keep                      #
#                    GsnGpio_PEIntEnable_FP --keep GsnGpio_Read_FP --keep     #
#                    GsnHeIf_CryptoDeInitWithIv_FP --keep                     #
#                    GsnHeIf_CryptoDeInit_FP --keep GsnHeIf_CryptoInit_FP     #
#                    --keep GsnHeIf_CryptoProcess_FP --keep                   #
#                    GsnHeIf_DriverDeinit_FP --keep GsnHeIf_DriverInit_FP     #
#                    --keep GsnHeIf_HashDeInitWithIv_FP --keep                #
#                    GsnHeIf_HashDeInit_FP --keep GsnHeIf_HashInit_FP --keep  #
#                    GsnHeIf_HashProcess_FP --keep GsnHeIf_TrangGenerate_FP   #
#                    --keep GsnHeIf_TrangGetSeed_FP --keep                    #
#                    GsnHeIf_TrangInit_FP --keep GsnHiMb_AckRcv_FP --keep     #
#                    GsnHiMb_Init_FP --keep GsnHiMb_MsgRcv_FP --keep          #
#                    GsnHiMb_MsgSend_FP --keep GsnHiMb_RecvCbRegister_FP      #
#                    --keep GsnHi_BootReqSend_FP --keep GsnHi_CtrlSend_FP     #
#                    --keep GsnHi_DataSend_FP --keep GsnHi_Init_FP --keep     #
#                    GsnHi_InterfaceDeregister_FP --keep                      #
#                    GsnHi_InterfaceRegister_FP --keep                        #
#                    GsnHi_RecvEvntProcess_FP --keep GsnHi_RecvMbCb_FP        #
#                    --keep GsnHi_RecvThreadEntry_FP --keep                   #
#                    GsnHi_ResetIndRecvMbCb_FP --keep GsnHi_RxBufInit_FP      #
#                    --keep GsnHi_RxBufRelease_FP --keep GsnHttp_Alert_FP     #
#                    --keep GsnHttp_Close_FP --keep                           #
#                    GsnHttp_IsHeaderPresent_FP --keep GsnHttp_Send_FP        #
#                    --keep GsnHttp_Start_FP --keep GsnHttpdAp_FwCb_FP        #
#                    --keep GsnHttpdApi_ApiCreateXmlResp_FP --keep            #
#                    GsnHttpdApi_SysDbgCb_FP --keep                           #
#                    GsnHttpdApi_SysDbgSendXmlResp_FP --keep                  #
#                    GsnHttpd_AddRedirURI_FP --keep                           #
#                    GsnHttpd_CheckingBoundary_FP --keep                      #
#                    GsnHttpd_CreateFileUploadCtxt_FP --keep                  #
#                    GsnHttpd_CustomHdrs_FP --keep                            #
#                    GsnHttpd_CustomRespStatusLine_FP --keep                  #
#                    GsnHttpd_EventHdlr_FP --keep GsnHttpd_ExecInWddTskCb_FP  #
#                    --keep GsnHttpd_FileParsingCb_FP --keep                  #
#                    GsnHttpd_FileUploadEventHandler_FP --keep                #
#                    GsnHttpd_FileUploadInit_FP --keep                        #
#                    GsnHttpd_FindDoubleCrlfAfterBoundary_FP --keep           #
#                    GsnHttpd_FindFileUploadUri_FP --keep                     #
#                    GsnHttpd_FindHeaderAtrribAfterBoundary_FP --keep         #
#                    GsnHttpd_FreeFileUploadCtxt_FP --keep                    #
#                    GsnHttpd_GetBoundaryString_FP --keep                     #
#                    GsnHttpd_GetBuffer_FP --keep                             #
#                    GsnHttpd_GetFileUploadCtxt_FP --keep                     #
#                    GsnHttpd_GetHttpMethod_FP --keep                         #
#                    GsnHttpd_IsAuthEnabled_FP --keep GsnHttpd_IsRunning_FP   #
#                    --keep GsnHttpd_LogoCb_FP --keep                         #
#                    GsnHttpd_MultiPartFormDataFileParsing_FP --keep          #
#                    GsnHttpd_ReleaseBuffer_FP --keep                         #
#                    GsnHttpd_SendBufferAndLastChunk_FP --keep                #
#                    GsnHttpd_SendBuffer_FP --keep GsnHttpd_SendLastChunk_FP  #
#                    --keep GsnHttpd_SslReceive_FP --keep                     #
#                    GsnHttpd_StackAlloc_FP --keep GsnHttpd_StackDeAlloc_FP   #
#                    --keep GsnHttpd_Start_FP --keep GsnHttpd_Stop_FP --keep  #
#                    GsnHttpd_StoreFileUploadCtxt_FP --keep                   #
#                    GsnHttpd_SysDbgMemCb_FP --keep                           #
#                    GsnHttpd_UriContentType_FP --keep                        #
#                    GsnHttpd_UriEventHdlr_FP --keep                          #
#                    GsnHttpd_UriHandlerConfig_FP --keep                      #
#                    GsnHttpd_UriHandlerDeInit_FP --keep                      #
#                    GsnHttpd_UriHandlerGet_FP --keep                         #
#                    GsnHttpd_UriHandlerInit_FP --keep                        #
#                    GsnHttpd_UriHdlrGetIndex_FP --keep                       #
#                    GsnHttpd_UriIdCbFn_FP --keep GsnHttps_DataReceive_FP     #
#                    --keep GsnIsotx_CtrlMsgIndCb_FP --keep                   #
#                    GsnIsotx_DataMsgIndCb_FP --keep GsnIsotxif_CtrlCb_FP     #
#                    --keep GsnIsotxif_DataCb_FP --keep GsnIsotxif_Init_FP    #
#                    --keep GsnMB_Isr_FP --keep GsnMacUtil_AreBasicRatesMatch #
#                    ing_FP --keep GsnMacUtil_ExtractChannel_FP --keep        #
#                    GsnMacUtil_ExtractEncryptionStatus_FP --keep             #
#                    GsnMacUtil_ExtractOUIWifi_FP --keep                      #
#                    GsnMacUtil_ExtractOUI_FP --keep                          #
#                    GsnMacUtil_ExtractRateSet_FP --keep                      #
#                    GsnMacUtil_ExtractRsnEncryptionStatus_FP --keep          #
#                    GsnMacUtil_ExtractSsid_FP --keep                         #
#                    GsnMacUtil_ExtractTimeStamp_FP --keep                    #
#                    GsnMacUtil_ExtractWpaEncryptionStatus_FP --keep          #
#                    GsnMacUtil_ExtractWpsAttributes_FP --keep                #
#                    GsnMacUtil_Extract_FP --keep                             #
#                    GsnMacUtil_GetRsnCipherSuit_FP --keep                    #
#                    GsnMacUtil_GetWpaCipherSuit_FP --keep                    #
#                    GsnMacUtil_MergeBasicRates_FP --keep                     #
#                    GsnMacUtil_MergeRates_FP --keep                          #
#                    GsnMacUtil_RateOrdering_FP --keep                        #
#                    GsnMacUtil_WpsParseAttr_FP --keep GsnMb_Open_FP --keep   #
#                    GsnMb_RbIntRegister_FP --keep GsnMb_RbIntUnregister_FP   #
#                    --keep GsnMb_RbIsr_FP --keep GsnMb_RbMsgGet_FP --keep    #
#                    GsnMb_SbMsgPut_FP --keep GsnMdns_Announce_FP --keep      #
#                    GsnMdns_DeInit_FP --keep GsnMdns_DeferredProbeTimeoutPro #
#                    cess_FP --keep GsnMdns_DeferredProbeTmrCb_FP --keep      #
#                    GsnMdns_DnsFormtSrvcNameCreate_FP --keep                 #
#                    GsnMdns_DnsNameCmp_FP --keep GsnMdns_DnsNameCpy_FP       #
#                    --keep GsnMdns_DnsNameGet_FP --keep                      #
#                    GsnMdns_DnsNameLenGet_FP --keep GsnMdns_DnsNameSkip_FP   #
#                    --keep GsnMdns_DnsNameUpdate_FP --keep                   #
#                    GsnMdns_Execute_FP --keep GsnMdns_GoodbyPktSend_FP       #
#                    --keep GsnMdns_HostnameDeregister_FP --keep              #
#                    GsnMdns_HostnameRegister_FP --keep                       #
#                    GsnMdns_HtonsRrComnPart_FP --keep GsnMdns_Init_FP        #
#                    --keep GsnMdns_IsRRpresent_FP --keep                     #
#                    GsnMdns_IsSubTypePresent_FP --keep GsnMdns_LabelCat_FP   #
#                    --keep GsnMdns_LabelCmp_FP --keep GsnMdns_LabelGet_FP    #
#                    --keep GsnMdns_LabelUpdate_FP --keep                     #
#                    GsnMdns_LableSkip_FP --keep GsnMdns_MemCopy_FP --keep    #
#                    GsnMdns_NameIncrement_FP --keep GsnMdns_ParsePacket_FP   #
#                    --keep GsnMdns_ParseQuery_FP --keep                      #
#                    GsnMdns_ParseResponse_FP --keep                          #
#                    GsnMdns_PrivateDeInit_FP --keep GsnMdns_ProbeCreate_FP   #
#                    --keep GsnMdns_ProbeEntryGet_FP --keep                   #
#                    GsnMdns_ProbeEntryRemove_FP --keep                       #
#                    GsnMdns_ProbeListAdd_FP --keep                           #
#                    GsnMdns_ProbeTimeoutProcess_FP --keep                    #
#                    GsnMdns_ProbeTmrCb_FP --keep GsnMdns_Probe_FP --keep     #
#                    GsnMdns_ProcessResponse_FP --keep                        #
#                    GsnMdns_QueryCreate_FP --keep GsnMdns_QueryListAdd_FP    #
#                    --keep GsnMdns_QueryTimeoutProcess_FP --keep             #
#                    GsnMdns_QueryTmrCb_FP --keep GsnMdns_Query_FP --keep     #
#                    GsnMdns_QustnCreate_FP --keep GsnMdns_QustnListAdd_FP    #
#                    --keep GsnMdns_QustnListClear_FP --keep                  #
#                    GsnMdns_QustnListDel_FP --keep                           #
#                    GsnMdns_QustnListSearch_FP --keep                        #
#                    GsnMdns_QustnSectionCreate_FP --keep                     #
#                    GsnMdns_ResourceRecordCreate_FP --keep                   #
#                    GsnMdns_RespRrGet_FP --keep GsnMdns_ResponseCreate_FP    #
#                    --keep GsnMdns_RrListAdd_FP --keep                       #
#                    GsnMdns_RrListClear_FP --keep GsnMdns_RrListDel_FP       #
#                    --keep GsnMdns_RrNameSearch_FP --keep                    #
#                    GsnMdns_RrTypeSearch_FP --keep                           #
#                    GsnMdns_RsrcRecordDeregister_FP --keep                   #
#                    GsnMdns_SendMessage_FP --keep GsnMdns_SendMulticast_FP   #
#                    --keep GsnMdns_SendUnicast_FP --keep                     #
#                    GsnMdns_ServiceDeRegister_FP --keep                      #
#                    GsnMdns_ServiceDiscover_FP --keep                        #
#                    GsnMdns_ServiceRegister_FP --keep                        #
#                    GsnMdns_SocketRecvCb_FP --keep                           #
#                    GsnMdns_SocketRecvProcess_FP --keep                      #
#                    GsnMdns_StrToLblLen_FP --keep GsnMdns_TaskNotify_FP      #
#                    --keep GsnMsgHandler_Create_FP --keep GsnNwIf_Close_FP   #
#                    --keep GsnNwIf_DeInit_FP --keep                          #
#                    GsnNwIf_DhcpLeaseTimeSet_FP --keep GsnNwIf_DhcpStop_FP   #
#                    --keep GsnNwIf_DhcpStrat_FP --keep                       #
#                    GsnNwIf_DhcpV6Stop_FP --keep GsnNwIf_DhcpV6Strat_FP      #
#                    --keep GsnNwIf_DnsHostByNameGet_FP --keep                #
#                    GsnNwIf_DriverEntryFunc_FP --keep GsnNwIf_DriverSend_FP  #
#                    --keep GsnNwIf_GratArpSend_FP --keep GsnNwIf_Init_FP     #
#                    --keep GsnNwIf_IpConfigGet_FP --keep                     #
#                    GsnNwIf_IsDhcpLeaseExpired_FP --keep                     #
#                    GsnNwIf_IsIPv4Configured_FP --keep                       #
#                    GsnNwIf_IsIPv6Configured_FP --keep                       #
#                    GsnNwIf_NwIfCtxGet_FP --keep GsnNwIf_Open_FP --keep      #
#                    GsnNwIf_RecvCb_FP --keep GsnNwIf_RecvFilterRegister_FP   #
#                    --keep GsnNwIf_Reinit_FP --keep                          #
#                    GsnNwIf_SendPktCopyCb_FP --keep                          #
#                    GsnNwIf_TableEntryClear_FP --keep                        #
#                    GsnNwIf_TableEntrySet_FP --keep GsnNwIf_U16FieldGet_FP   #
#                    --keep GsnNw_Init_FP --keep GsnNw_RxFreePacketGet_FP     #
#                    --keep GsnNwif_BsdInitialize_FP --keep                   #
#                    GsnNwif_DhcpStateChangeNotify_FP --keep                  #
#                    GsnNwif_Dhcpv6StateChangeNotify_FP --keep                #
#                    GsnNwif_IPv4Configure_FP --keep                          #
#                    GsnNwif_IPv6Configure_FP --keep GsnNwif_IPv6Init_FP      #
#                    --keep GsnNwif_PrivateIPv4Config_FP --keep               #
#                    GsnNwif_PrivateIPv6Config_FP --keep                      #
#                    GsnNwif_RadioConfig_FP --keep GsnNwif_UpdatePhyAddr_FP   #
#                    --keep GsnOtpMm_HdrValid_FP --keep GsnOtpMm_Init_FP      #
#                    --keep GsnOtpMm_NextFreeLocFind_FP --keep                #
#                    GsnOtpMm_Read_FP --keep GsnOtpMm_Write_FP --keep         #
#                    GsnOtp_ClkDisable_FP --keep GsnOtp_ClkEnable_FP --keep   #
#                    GsnOtp_Init_FP --keep GsnOtp_Isr_FP --keep               #
#                    GsnOtp_OtpMemRead_FP --keep GsnOtp_OtpMemWrite_FP        #
#                    --keep GsnOtp_Read_FP --keep GsnOtp_Wait_FP --keep       #
#                    GsnOtp_Write_FP --keep GsnPersistTmr_Create_FP --keep    #
#                    GsnPersistTmr_Delete_FP --keep                           #
#                    GsnPersistTmr_DfltPeriodGet_FP --keep                    #
#                    GsnPersistTmr_DfltPeriodSet_FP --keep                    #
#                    GsnPersistTmr_Init_FP --keep GsnPersistTmr_IsActive_FP   #
#                    --keep GsnPersistTmr_MinExpireTime_FP --keep             #
#                    GsnPersistTmr_PeriodGet_FP --keep                        #
#                    GsnPersistTmr_ReStart_FP --keep                          #
#                    GsnPersistTmr_RemainingTimeGet_FP --keep                 #
#                    GsnPersistTmr_Restore_FP --keep GsnPersistTmr_Start_FP   #
#                    --keep GsnPersistTmr_Stop_FP --keep                      #
#                    GsnPersistTmr_Store_FP --keep                            #
#                    GsnPersistTmr_SystemTimeAtExpire_FP --keep               #
#                    GsnPwrMgmt_Cm3SleepDeepEn_FP --keep GsnRingBuf_Get_FP    #
#                    --keep GsnRingBuf_Init_FP --keep                         #
#                    GsnRingBuf_IsMsgQueued_FP --keep GsnRingBuf_Put_FP       #
#                    --keep GsnSdadc_AdcWatermarkSet_FP --keep                #
#                    GsnSdadc_Bias_FP --keep GsnSdadc_ChannelSet_FP --keep    #
#                    GsnSdadc_Close_FP --keep GsnSdadc_ContinousRead_FP       #
#                    --keep GsnSdadc_DacIsr_FP --keep                         #
#                    GsnSdadc_DacWatermarkSet_FP --keep GsnSdadc_DacWrite_FP  #
#                    --keep GsnSdadc_EnADC_FIFO_FP --keep                     #
#                    GsnSdadc_EnDAC_FIFO_FP --keep GsnSdadc_EnableA3v_FP      #
#                    --keep GsnSdadc_Gain0Set_FP --keep GsnSdadc_Gain1Set_FP  #
#                    --keep GsnSdadc_Gain2Set_FP --keep                       #
#                    GsnSdadc_IsrAdcFifoFull_FP --keep                        #
#                    GsnSdadc_IsrDacFifoEmpty_FP --keep GsnSdadc_Open_FP      #
#                    --keep GsnSdadc_Phase1set_FP --keep                      #
#                    GsnSdadc_Phase2set_FP --keep GsnSdadc_PhaseStepSet_FP    #
#                    --keep GsnSdadc_Read_FP --keep GsnSdadc_RefSet_FP        #
#                    --keep GsnSdadc_SdadcIsr_FP --keep                       #
#                    GsnSdadc_SdadcStepSet_FP --keep GsnSdadc_Sel0_FP --keep  #
#                    GsnSdadc_Sel1_FP --keep GsnSdadc_Sel2_FP --keep          #
#                    GsnSdadc_StopRead_FP --keep                              #
#                    GsnSdadc_SupIndicationSet_FP --keep GsnSntp_Send_FP      #
#                    --keep GsnSntp_ServerRespTmrCb_FP --keep                 #
#                    GsnSntp_SocketCb_FP --keep GsnSntp_TimeSync_FP --keep    #
#                    GsnSoftTmr_ActiveListAdd_FP --keep                       #
#                    GsnSoftTmr_CurrentSystemTime_FP --keep                   #
#                    GsnSoftTmr_ExpireListNodeDelete_FP --keep                #
#                    GsnSoftTmr_Init_FP --keep GsnSoftTmr_MinRemainingTimeGet #
#                    _FP --keep GsnSoftTmr_Run_FP --keep                      #
#                    GsnSoftTmr_ShutDown_FP --keep GsnSoftTmr_Start_FP        #
#                    --keep GsnSoftTmr_Stop_FP --keep GsnSpi0_RxCallBack_FP   #
#                    --keep GsnSpi0_TxCallBack_FP --keep                      #
#                    GsnSpi1_RxCallBack_FP --keep GsnSpi1_TxCallBack_FP       #
#                    --keep GsnSpi_ByteDeStuff_FP --keep GsnSpi_ByteStuff_FP  #
#                    --keep GsnSpi_ClockDividerGet_FP --keep                  #
#                    GsnSpi_ClockDividerSet_FP --keep                         #
#                    GsnSpi_ClockPhaseGet_FP --keep GsnSpi_ClockPhaseSet_FP   #
#                    --keep GsnSpi_ClockPolarityGet_FP --keep                 #
#                    GsnSpi_ClockPolaritySet_FP --keep GsnSpi_Close_FP        #
#                    --keep GsnSpi_DataWordSizeGet_FP --keep                  #
#                    GsnSpi_DataWordSizeSet_FP --keep GsnSpi_Dma_Receive_FP   #
#                    --keep GsnSpi_Dma_Transmit_FP --keep GsnSpi_ErrorIsr_FP  #
#                    --keep GsnSpi_FlushRingBuff_FP --keep                    #
#                    GsnSpi_InitialTransmit_FP --keep GsnSpi_Isr_FP --keep    #
#                    GsnSpi_LoopBackClear_FP --keep GsnSpi_LoopBackConfig_FP  #
#                    --keep GsnSpi_LoopBackGet_FP --keep                      #
#                    GsnSpi_MasterReadWrite_FP --keep GsnSpi_NvicDisable_FP   #
#                    --keep GsnSpi_NvicEnable_FP --keep GsnSpi_Open_FP        #
#                    --keep GsnSpi_OperationModeGet_FP --keep                 #
#                    GsnSpi_OperationModeSet_FP --keep                        #
#                    GsnSpi_PauseRingBuff_FP --keep                           #
#                    GsnSpi_PollMasterByteReadWrite_FP --keep                 #
#                    GsnSpi_ProtocolGet_FP --keep GsnSpi_ProtocolSet_FP       #
#                    --keep GsnSpi_Receive_FP --keep                          #
#                    GsnSpi_ResumeRingBuff_FP --keep GsnSpi_RingBuffGet_FP    #
#                    --keep GsnSpi_RxProcessing_FP --keep                     #
#                    GsnSpi_SerialClockRateGet_FP --keep                      #
#                    GsnSpi_SerialClockRateSet_FP --keep                      #
#                    GsnSpi_SlaveReadWrite_FP --keep GsnSpi_SlaveRead_FP      #
#                    --keep GsnSpi_SlaveWrite_FP --keep GsnSpi_SodGet_FP      #
#                    --keep GsnSpi_SodSet_FP --keep GsnSpi_Transmit_FP        #
#                    --keep GsnSpi_TxDataGet_FP --keep                        #
#                    GsnSpi_TxProcessing_FP --keep                            #
#                    GsnSpi_UsrBuffPutFromRbuffer_FP --keep                   #
#                    GsnSq_AssertHandler_FP --keep GsnSq_Init_FP --keep       #
#                    GsnSq_TaskMonitorDeregister_FP --keep                    #
#                    GsnSq_TaskMonitorEnd_FP --keep                           #
#                    GsnSq_TaskMonitorRegister_FP --keep                      #
#                    GsnSq_TaskMonitorStart_FP --keep GsnSq_WdTmrStart_FP     #
#                    --keep GsnSsl_Accept_FP --keep GsnSsl_AlertSend_FP       #
#                    --keep GsnSsl_Alert_FP --keep GsnSsl_Alloc_FP --keep     #
#                    GsnSsl_Close_FP --keep GsnSsl_DataReceive_FP --keep      #
#                    GsnSsl_Decode_FP --keep GsnSsl_DecryptAlert_FP --keep    #
#                    GsnSsl_Encode_FP --keep GsnSsl_Free_FP --keep            #
#                    GsnSsl_Init_FP --keep GsnSsl_Open_FP --keep              #
#                    GsnSsl_Receive_FP --keep GsnSsl_RecordReceive_FP --keep  #
#                    GsnSsl_ServerConnectProcess_FP --keep                    #
#                    GsnSsl_ServerDeInit_FP --keep GsnSsl_ServerInit_FP       #
#                    --keep GsnSuppif_WpaInit_FP --keep                       #
#                    GsnSysCtl_FileOpReqProcess_FP --keep                     #
#                    GsnSysCtl_MsgHdlrEntryFun_FP --keep                      #
#                    GsnSysCtl_SysCtrlMsgIndCbExtension_FP --keep             #
#                    GsnSysCtl_SysCtrlMsgIndCb_FP --keep                      #
#                    GsnSysCtl_SysResetIndCb_FP --keep GsnSys_Reset_FP        #
#                    --keep GsnSysif_CtrlCb_FP --keep GsnSysif_Init_FP        #
#                    --keep GsnUart_BaudRateGet_FP --keep                     #
#                    GsnUart_BaudRateSet_FP --keep GsnUart_CharFormatGet_FP   #
#                    --keep GsnUart_CharFormatSet_FP --keep                   #
#                    GsnUart_ClockEnable_FP --keep GsnUart_Close_FP --keep    #
#                    GsnUart_DefaultIsr_FP --keep GsnUart_DmaRxClear_FP       #
#                    --keep GsnUart_DmaRxGet_FP --keep GsnUart_DmaRxSet_FP    #
#                    --keep GsnUart_DmaTxClear_FP --keep GsnUart_DmaTxGet_FP  #
#                    --keep GsnUart_DmaTxSet_FP --keep                        #
#                    GsnUart_HwFlowSupportGet_FP --keep                       #
#                    GsnUart_HwFlowSupportSet_FP --keep                       #
#                    GsnUart_Isr_ThrEmptySwFlow_FP --keep                     #
#                    GsnUart_Isr_ThrEmpty_FP --keep GsnUart_LoopBackEn_FP     #
#                    --keep GsnUart_Open_FP --keep GsnUart_ParityBitsGet_FP   #
#                    --keep GsnUart_ParityBitsSet_FP --keep GsnUart_Read_FP   #
#                    --keep GsnUart_RingBuffGet_FP --keep                     #
#                    GsnUart_RingBuffPut_FP --keep GsnUart_RxCallBack_FP      #
#                    --keep GsnUart_StopBitsGet_FP --keep                     #
#                    GsnUart_StopBitsSet_FP --keep GsnUart_SwFlowIsr_FP       #
#                    --keep GsnUart_SwFlowSupportGet_FP --keep                #
#                    GsnUart_SwFlowSupportSet_FP --keep GsnUart_ThrEmpty_FP   #
#                    --keep GsnUart_TxCallBack_FP --keep                      #
#                    GsnUart_TxStatusGet_FP --keep                            #
#                    GsnUart_UsrBuffPutFromRbuffer_FP --keep                  #
#                    GsnUart_UsrBuffPut_FP --keep GsnUart_Write_FP --keep     #
#                    GsnVersion_Get_FP --keep GsnWapAuthIf_AuthConf_FP        #
#                    --keep GsnWdd_AmpduReq_FP --keep GsnWdd_AmsduReq_FP      #
#                    --keep GsnWdd_ApModeSecCfgSet_FP --keep                  #
#                    GsnWdd_AssocReqPropIeSet_FP --keep                       #
#                    GsnWdd_AssocStatusGet_FP --keep                          #
#                    GsnWdd_BeaconMissThresholdSet_FP --keep                  #
#                    GsnWdd_BeaconPropIeSet_FP --keep GsnWdd_BlockAckReq_FP   #
#                    --keep GsnWdd_CalCtrlMsgIndCb_FP --keep                  #
#                    GsnWdd_CalibrnRun_FP --keep GsnWdd_CheckCipher_FP        #
#                    --keep GsnWdd_ConctedStaListGet_FP --keep                #
#                    GsnWdd_ConnectPolicyCheck_FP --keep                      #
#                    GsnWdd_ConnectReq_FP --keep GsnWdd_Connect_FP --keep     #
#                    GsnWdd_DABindEnable_FP --keep GsnWdd_DataMsgIndCb_FP     #
#                    --keep GsnWdd_DisconnectReq_FP --keep                    #
#                    GsnWdd_Disconnect_FP --keep                              #
#                    GsnWdd_FrameTxFailCntLmitSet_FP --keep GsnWdd_Init_FP    #
#                    --keep GsnWdd_Ioctl_FP --keep                            #
#                    GsnWdd_IsApSecurityEnbld_FP --keep GsnWdd_L2DevClose_FP  #
#                    --keep GsnWdd_L2DevInit_FP --keep GsnWdd_L2DevIoctl_FP   #
#                    --keep GsnWdd_L2DevOpen_FP --keep GsnWdd_L2DevSend_FP    #
#                    --keep GsnWdd_MsgHdlrEntryFun_FP --keep                  #
#                    GsnWdd_MsgHdlrInit_FP --keep GsnWdd_MsgHdlrNotify_FP     #
#                    --keep GsnWdd_MsgHdlr_FP --keep                          #
#                    GsnWdd_MulticastRecvSet_FP --keep GsnWdd_Notify_FP       #
#                    --keep GsnWdd_PhyAddrGet_FP --keep GsnWdd_PhyAddrSet_FP  #
#                    --keep GsnWdd_PrivateScan_FP --keep                      #
#                    GsnWdd_ProbeReqPropIeSet_FP --keep                       #
#                    GsnWdd_ProbeRspPropIeSet_FP --keep GsnWdd_RSSIGet_FP     #
#                    --keep GsnWdd_RadioModeCountrClr_FP --keep               #
#                    GsnWdd_RadioModeSet_FP --keep                            #
#                    GsnWdd_RadioPowerSaveCfgSet_FP --keep GsnWdd_Reinit_FP   #
#                    --keep GsnWdd_RtsEnable_FP --keep                        #
#                    GsnWdd_ScanAndConctProcess_FP --keep                     #
#                    GsnWdd_ScanEntryCheck_FP --keep                          #
#                    GsnWdd_ScanOnlyProcess_FP --keep GsnWdd_ScanParamSet_FP  #
#                    --keep GsnWdd_ScanReq_FP --keep GsnWdd_ScanStop_FP       #
#                    --keep GsnWdd_Scan_FP --keep GsnWdd_SecCfgGet_FP --keep  #
#                    GsnWdd_SecModeUpdate_FP --keep GsnWdd_SecurityCmp_FP     #
#                    --keep GsnWdd_Send_FP --keep GsnWdd_SetGroupKey_FP       #
#                    --keep GsnWdd_SetPairKey_FP --keep GsnWdd_SetWepKey_FP   #
#                    --keep GsnWdd_TkipContrMsrStart_FP --keep                #
#                    GsnWdd_TkipSeqNumGet_FP --keep GsnWdd_TxPowerSet_FP      #
#                    --keep GsnWdd_WifCalCtrlIndReg_FP --keep                 #
#                    GsnWdd_WifDataIndReg_FP --keep                           #
#                    GsnWdd_WifWlanCtrlIndReg_FP --keep                       #
#                    GsnWdd_WlanConfigDefaultInit_FP --keep                   #
#                    GsnWdd_WlanCtrlMsgIndCbExtension_FP --keep               #
#                    GsnWdd_WlanCtrlMsgIndCb_FP --keep                        #
#                    GsnWdd_WlanRecvFiltrSet_FP --keep                        #
#                    GsnWdd_WlanStatsGet_FP --keep GsnWdd_WpaIfInit_FP        #
#                    --keep GsnWdd_WpaIfModeMap_FP --keep                     #
#                    GsnWdd_WpaSupplicantCb_FP --keep                         #
#                    GsnWdd_WpaSupplicantInit_FP --keep GsnWdd_WpsConnect_FP  #
#                    --keep GsnWdd_WpsScan_FP --keep GsnWdd_WpsStart_FP       #
#                    --keep GsnWif_CtrlCb_FP --keep GsnWif_DataCb_FP --keep   #
#                    GsnWif_Init_FP --keep GsnWif_Reinit_FP --keep            #
#                    GsnWpaAuthIf_AddSta_FP --keep                            #
#                    GsnWpaAuthIf_BasicStateInit_FP --keep                    #
#                    GsnWpaAuthIf_Cb_FP --keep GsnWpaAuthIf_CfgGet_FP --keep  #
#                    GsnWpaAuthIf_CfgSet_FP --keep GsnWpaAuthIf_Deinit_FP     #
#                    --keep GsnWpaAuthIf_Disconnect_FP --keep                 #
#                    GsnWpaAuthIf_EapolRx_FP --keep GsnWpaAuthIf_FindSta_FP   #
#                    --keep GsnWpaAuthIf_ForEachAuth_FP --keep                #
#                    GsnWpaAuthIf_ForEachSta_FP --keep                        #
#                    GsnWpaAuthIf_GetEapol_FP --keep GsnWpaAuthIf_GetIe_FP    #
#                    --keep GsnWpaAuthIf_GetMsk_FP --keep                     #
#                    GsnWpaAuthIf_GetPsk_FP --keep GsnWpaAuthIf_GetSeqnum_FP  #
#                    --keep GsnWpaAuthIf_IfaceIter_FP --keep                  #
#                    GsnWpaAuthIf_Init_FP --keep GsnWpaAuthIf_MicFail_FP      #
#                    --keep GsnWpaAuthIf_RemoveSta_FP --keep                  #
#                    GsnWpaAuthIf_SendEapol_FP --keep                         #
#                    GsnWpaAuthIf_SendEther_FP --keep                         #
#                    GsnWpaAuthIf_SetEapol_FP --keep GsnWpaAuthIf_SetKey_FP   #
#                    --keep GsnWpaIf_BasicStateInit_FP --keep                 #
#                    GsnWpaIf_CfgGet_FP --keep GsnWpaIf_CfgSet_FP --keep      #
#                    GsnWpaIf_Deinit_FP --keep GsnWpaIf_ExtractCfg_FP --keep  #
#                    GsnWpaIf_Init_FP --keep GsnWpaIf_Notif_FP --keep         #
#                    GsnWpaSuppIf_BasicStateInit_FP --keep                    #
#                    GsnWpaSuppIf_Cb_FP --keep GsnWpaSuppIf_CfgGet_FP --keep  #
#                    GsnWpaSuppIf_CfgSet_FP --keep GsnWpaSuppIf_Deinit_FP     #
#                    --keep GsnWpaSuppIf_Init_FP --keep                       #
#                    GsnWpaSuppIf_RestoreConn_FP --keep                       #
#                    GsnWpaSuppIf_StoreSpecialCnf_FP --keep                   #
#                    GsnWpaTmrIf_Handler_FP --keep GsnWpaTmrIf_StopAllTmr_FP  #
#                    --keep GsnWpaTmrIf_TimeoutCb_FP --keep GsnWpa_AddIf_FP   #
#                    --keep GsnWpa_FindIf_FP --keep GsnWpa_Init_FP --keep     #
#                    GsnWpa_RemoveIf_FP --keep GsnWpsIf_AuthDeinit_FP --keep  #
#                    GsnWpsIf_AuthInit_FP --keep GsnWpsIf_AuthTrigger_FP      #
#                    --keep GsnWpsIf_ConnectIndCb_FP --keep                   #
#                    GsnWpsIf_DeAuthTimeoutCb_FP --keep GsnWpsIf_Deinit_FP    #
#                    --keep GsnWpsIf_Event_FP --keep GsnWpsIf_ExtractCred_FP  #
#                    --keep GsnWpsIf_InitCfg_FP --keep GsnWpsIf_Init_FP       #
#                    --keep GsnWpsIf_NewPskCb_FP --keep                       #
#                    GsnWpsIf_PbcWalkTmrCb_FP --keep GsnWpsIf_PinNeededCb_FP  #
#                    --keep GsnWpsIf_PreAssocCb_FP --keep                     #
#                    GsnWpsIf_PreconfigureDhKey_FP --keep                     #
#                    GsnWpsIf_ProcessScanEntry_FP --keep                      #
#                    GsnWpsIf_ScanCfmCb_FP --keep GsnWpsIf_ScanComplete_FP    #
#                    --keep GsnWpsIf_StartSecondPhase_FP --keep               #
#                    GsnWpsIf_Start_FP --keep GsnXMLStr_AttributeDecode_FP    #
#                    --keep GsnXMLStr_DecodePreDefEntity_FP --keep            #
#                    GsnXMLStr_DecodeSimpleElement_FP --keep                  #
#                    GsnXMLStr_Decode_FP --keep GsnXMLStr_EncodePreDefEntity_ #
#                    FP --keep GsnXMLStr_Encode_FP --keep                     #
#                    GsnXMLStr_FillElements_FP --keep                         #
#                    GsnXMLStr_GetEncodedValueLen_FP --keep                   #
#                    GsnXMLStr_NextParamGet_FP --keep                         #
#                    GsnXMLStr_ParserCtxDeInit_FP --keep                      #
#                    GsnXMLStr_ParserCtxInit_FP --keep                        #
#                    GsnXMLStr_SetRootTag_FP --keep GsnXMLStr_SetTagCount_FP  #
#                    --keep GsnXMLStr_TagWithAttrubute_FP --keep              #
#                    GsnXml_DecodePreDefEntity_FP --keep GsnXml_Decode_FP     #
#                    --keep GsnXml_EncodePreDefEntity_FP --keep               #
#                    GsnXml_Encode_FP --keep GsnXml_GetEncodedValueLen_FP     #
#                    --keep GsnXml_NodeGet_FP --keep GsnXml_StrGet_FP --keep  #
#                    Gsn_Sdadc_TempcoSet_FP --keep                            #
#                    Gsnhttpd_UriHandlerPrint_FP --keep Httpd_Server_FP       #
#                    --keep Httpd_SetSockOptions_FP --keep Httpd_SockInit_FP  #
#                    --keep PL722X_Close_FP --keep PL722X_ControlLoad_FP      #
#                    --keep PL722X_DisableOCP_FP --keep PL722X_EnableOCP_FP   #
#                    --keep PL722X_GetElectricUnits_FP --keep                 #
#                    PL722X_GetOCPParams_FP --keep PL722X_GetOCPStatus_FP     #
#                    --keep PL722X_Init_FP --keep PL722X_ReadParam_FP --keep  #
#                    PL722X_Read_FP --keep PL722X_Read_FwVer_FP --keep        #
#                    PL722X_ResetKWH_FP --keep PL722X_SetLoadingCurrent_FP    #
#                    --keep PL722X_SetLoadingTime_FP --keep PL722X_Write_FP   #
#                    --keep StoreFat_FP --keep StoreFat_Ram_FP --keep         #
#                    StoreSector_FP --keep StoreSector_Ram_FP --keep          #
#                    __DmaAcm3ch0DoneISR_FP --keep __DmaCm3ch1DoneISR_FP      #
#                    --keep __DmaErrorISR_FP --keep __DmaSsp0RxdmaDoneISR_FP  #
#                    --keep __DmaSsp0TxdmaDoneISR_FP --keep                   #
#                    __DmaSsp1RxdmaDoneISR_FP --keep                          #
#                    __DmaSsp1TxdmaDoneISR_FP --keep                          #
#                    __DmaUart0RxdmaDoneISR_FP --keep                         #
#                    __DmaUart0TxdmaDoneISR_FP --keep                         #
#                    __DmaUart1RxdmaDoneISR_FP --keep                         #
#                    __DmaUart1TxdmaDoneISR_FP --keep                         #
#                    __GsnClockStable_Isr_FP --keep __GsnDma_Ch0Done_Isr_FP   #
#                    --keep __GsnDma_Ch1Done_Isr_FP --keep                    #
#                    __GsnDma_Error_Isr_FP --keep __GsnDma_Ssp0RxDone_Isr_FP  #
#                    --keep __GsnDma_Ssp0TxDone_Isr_FP --keep                 #
#                    __GsnDma_Ssp1RxDone_Isr_FP --keep                        #
#                    __GsnDma_Ssp1TxDone_Isr_FP --keep                        #
#                    __GsnDma_Uart0RxDone_Isr_FP --keep                       #
#                    __GsnDma_Uart0TxDone_Isr_FP --keep                       #
#                    __GsnDma_Uart1RxDone_Isr_FP --keep                       #
#                    __GsnDma_Uart1TxDone_Isr_FP --keep __GsnGpio_NEIsr_FP    #
#                    --keep __GsnGpio_PEIsr_FP --keep __GsnSpi0_Isr_FP        #
#                    --keep __GsnSpi1_Isr_FP --keep __GsnUart0_Isr_FP --keep  #
#                    __GsnUart1_Isr_FP --keep __actlWwdogISR_FP --keep        #
#                    __adcMainISR_FP --keep __cconStableISR_FP --keep         #
#                    __cryptoEaISR_FP --keep __cryptoGlblISR_FP --keep        #
#                    __cryptoKepISR_FP --keep __cryptoMpmISR_FP --keep        #
#                    __cryptoPkaISR_FP --keep __cryptoReISR_FP --keep         #
#                    __cryptoRngISR_FP --keep __cryptoSpaccISR_FP --keep      #
#                    __fcInvalidAccessISR_FP --keep __fcSwDmaDoneISR_FP       #
#                    --keep __gpioNegEdgeISR_FP --keep __gpioPosEdgeISR_FP    #
#                    --keep __gspiDfifoISR_FP --keep __gspiSfifoISR_FP        #
#                    --keep __gtmrAlarmISR_FP --keep __gtmrTimerISR_FP        #
#                    --keep __gtmuMainISR_FP --keep __i2cMainISR_FP --keep    #
#                    __i2sMainISR_FP --keep __mbReceive0ISR_FP --keep         #
#                    __mbReceive1ISR_FP --keep __mbReceive2ISR_FP --keep      #
#                    __mbReceive3ISR_FP --keep __mbReceive4ISR_FP --keep      #
#                    __mbReceive5ISR_FP --keep __mbReceive6ISR_FP --keep      #
#                    __mbReceive7ISR_FP --keep __otp0StoreCompleteISR_FP      #
#                    --keep __otp1StoreCompleteISR_FP --keep __pwmMainISR_FP  #
#                    --keep __rtcAlarmWuISR_FP --keep __rtcPcounterISR_FP     #
#                    --keep __sdadcdacFifoOvrWtrMarkISR_FP --keep             #
#                    __sdadcdacFifoOvrWtrMarkIsr_FP --keep                    #
#                    __sdadcdacFifoUndrWtrMarkISR_FP --keep                   #
#                    __sdadcdacFifoUndrWtrMarkIsr_FP --keep __sdioMainISR_FP  #
#                    --keep __ssp0MainISR_FP --keep __ssp0RorISR_FP --keep    #
#                    __ssp0RtISR_FP --keep __ssp0RxISR_FP --keep              #
#                    __ssp0txISR_FP --keep __ssp1MainISR_FP --keep            #
#                    __ssp1RorISR_FP --keep __ssp1RtISR_FP --keep             #
#                    __ssp1RxISR_FP --keep __ssp1txISR_FP --keep              #
#                    __timer1ISR_FP --keep __timer2ISR_FP --keep              #
#                    __uart0CombinedErrorISR_FP --keep __uart0CombinedISR_FP  #
#                    --keep __uart0ModemStatusISR_FP --keep                   #
#                    __uart0RecvISR_FP --keep __uart0RecvTimeoutISR_FP        #
#                    --keep __uart0TransmitISR_FP --keep                      #
#                    __uart1CombinedErrorISR_FP --keep __uart1CombinedISR_FP  #
#                    --keep __uart1ModemStatusISR_FP --keep                   #
#                    __uart1RecvISR_FP --keep __uart1RecvTimeoutISR_FP        #
#                    --keep __uart1TransmitISR_FP --keep __wdogISR_FP --keep  #
#                    _chk_preerase_FP --keep _fg_addentry_FP --keep           #
#                    _fg_check_handle_FP --keep _fg_checkappend_FP --keep     #
#                    _fg_checkapwithr_FP --keep _fg_checkfilelock_FP --keep   #
#                    _fg_checksyncpos_FP --keep _fg_cleanupfile_FP --keep     #
#                    _fg_copychainintomirror_FP --keep                        #
#                    _fg_copydiscmirrorchain_FP --keep                        #
#                    _fg_copymirrorchain_FP --keep                            #
#                    _fg_copymirrorchainnoremove_FP --keep _fg_find_FP        #
#                    --keep _fg_findfile_FP --keep _fg_findfilewc_FP --keep   #
#                    _fg_findpath_FP --keep _fg_flush_FP --keep _fg_fseek_FP  #
#                    --keep _fg_getdename_FP --keep _fg_getsector_FP --keep   #
#                    _fg_getvolumeinfo_FP --keep _fg_isnamedots_FP --keep     #
#                    _fg_namecheckwc_FP --keep _fg_removedename_FP --keep     #
#                    _fg_removediscsectors_FP --keep                          #
#                    _fg_removemirrorchain_FP --keep _fg_setdename_FP --keep  #
#                    _fg_setdiscsectors_FP --keep _fg_setfsname_FP --keep     #
#                    _fg_storefilebuffer_FP --keep _fg_storesector_FP --keep  #
#                    _fs_checkfreeblocks_FP --keep _fsm_cacheaddde_FP --keep  #
#                    _fsm_cacheaddlptr_FP --keep _fsm_cacheaddsptr_FP --keep  #
#                    _fsm_cacheaddvptr_FP --keep _fsm_cachede_FP --keep       #
#                    _fsm_cachenext_FP --keep _fsm_cachepagecheck_FP --keep   #
#                    _fsm_cachereset_FP --keep _fsm_cacheupdate_FP --keep     #
#                    _fsm_chacheupdatechanges_FP --keep                       #
#                    _fsm_checksemaphore_FP --keep _fsm_gettask_FP --keep     #
#                    _fsm_releasesemaphore_FP --keep _fsm_swapbadphy_FP       #
#                    --keep _fsm_toupper_FP --keep _fsm_writenextsector_FP    #
#                    --keep _nx_arp_enable_FP --keep                          #
#                    _nx_arp_packet_deferred_receive_FP --keep                #
#                    _nx_dhcp_conf_set_FP --keep _nx_dhcp_create_FP --keep    #
#                    _nx_dhcp_decline_FP --keep _nx_dhcp_delete_FP --keep     #
#                    _nx_dhcp_force_renew_FP --keep _nx_dhcp_process_FP       #
#                    --keep _nx_dhcp_reinitialize_FP --keep                   #
#                    _nx_dhcp_release_FP --keep _nx_dhcp_send_request_interna #
#                    l_FP --keep _nx_dhcp_start_FP --keep                     #
#                    _nx_dhcp_state_change_notify_FP --keep _nx_dhcp_stop_FP  #
#                    --keep _nx_dhcp_thread_entry_FP --keep                   #
#                    _nx_dhcp_user_option_retrieve_FP --keep                  #
#                    _nx_dns_create_FP --keep _nx_dns_delete_FP --keep        #
#                    _nx_dns_server_add_FP --keep                             #
#                    _nx_icmpv6_packet_process_FP --keep                      #
#                    _nx_ip_address_get_FP --keep _nx_ip_address_set_FP       #
#                    --keep _nx_ip_create_FP --keep _nx_ip_delete_FP --keep   #
#                    _nx_ip_dispatch_process_FP --keep                        #
#                    _nx_ip_driver_direct_command_FP --keep                   #
#                    _nx_ip_gateway_address_set_FP --keep                     #
#                    _nx_ip_packet_receive_FP --keep _nx_ip_status_check_FP   #
#                    --keep _nx_ip_thread_entry_FP --keep                     #
#                    _nx_ipv4_packet_receive_FP --keep                        #
#                    _nx_ipv6_packet_send_FP --keep                           #
#                    _nx_ipv6_process_hop_by_hop_option_FP --keep             #
#                    _nx_packet_allocate_FP --keep _nx_packet_data_append_FP  #
#                    --keep _nx_packet_data_retrieve_FP --keep                #
#                    _nx_packet_length_get_FP --keep                          #
#                    _nx_packet_pool_create_FP --keep _nx_packet_release_FP   #
#                    --keep _nx_packet_transmit_release_FP --keep             #
#                    _nx_rarp_packet_deferred_receive_FP --keep               #
#                    _nx_system_initialize_FP --keep _nx_tcp_enable_FP        #
#                    --keep _nx_tcp_fast_periodic_processing_FP --keep        #
#                    _nx_tcp_packet_process_FP --keep                         #
#                    _nx_tcp_socket_create_FP --keep                          #
#                    _nx_tcp_socket_mss_peer_get_FP --keep                    #
#                    _nx_tcp_socket_receive_FP --keep _nx_tcp_socket_send_FP  #
#                    --keep _nx_tcp_socket_send_internal_FP --keep            #
#                    _nx_tcp_socket_state_transmit_check_FP --keep            #
#                    _nx_udp_enable_FP --keep _nx_udp_packet_receive_FP       #
#                    --keep _nxd_bsd_ipv4_packet_send_FP --keep               #
#                    _nxd_bsd_ipv6_packet_send_FP --keep _nxd_get_errno_FP    #
#                    --keep _nxd_ipv6_address_set_FP --keep                   #
#                    _nxd_ipv6_enable_FP --keep _nxd_ipv6_interface_find_FP   #
#                    --keep _nxe_arp_enable_FP --keep _nxe_dhcp_create_FP     #
#                    --keep _nxe_dhcp_delete_FP --keep _nxe_dhcp_start_FP     #
#                    --keep _nxe_dhcp_state_change_notify_FP --keep           #
#                    _nxe_dhcp_stop_FP --keep _nxe_dhcp_user_option_retrieve_ #
#                    FP --keep _nxe_dns_create_FP --keep _nxe_dns_delete_FP   #
#                    --keep _nxe_dns_server_add_FP --keep                     #
#                    _nxe_ip_address_get_FP --keep _nxe_ip_address_set_FP     #
#                    --keep _nxe_ip_create_FP --keep _nxe_ip_delete_FP        #
#                    --keep _nxe_ip_driver_direct_command_FP --keep           #
#                    _nxe_ip_gateway_address_set_FP --keep                    #
#                    _nxe_ip_status_check_FP --keep _nxe_packet_allocate_FP   #
#                    --keep _nxe_packet_data_append_FP --keep                 #
#                    _nxe_packet_data_retrieve_FP --keep                      #
#                    _nxe_packet_length_get_FP --keep                         #
#                    _nxe_packet_pool_create_FP --keep                        #
#                    _nxe_packet_transmit_release_FP --keep                   #
#                    _nxe_tcp_enable_FP --keep _nxe_tcp_socket_mss_peer_get_F #
#                    P --keep _nxe_udp_enable_FP --keep accept_FP --keep      #
#                    aes_128_cbc_decrypt_FP --keep aes_128_cbc_encrypt_FP     #
#                    --keep aes_128_ctr_encrypt_FP --keep                     #
#                    aes_128_eax_decrypt_FP --keep aes_128_eax_encrypt_FP     #
#                    --keep aes_128_encrypt_block_FP --keep aes_unwrap_FP     #
#                    --keep aes_wrap_FP --keep api_cb_FP --keep               #
#                    bg_cmp_mag_FP --keep bg_count_bits_FP --keep             #
#                    bg_s_add_FP --keep bg_s_sub_FP --keep bignum_cmp_FP      #
#                    --keep bignum_cmp_d_FP --keep bignum_deinit_FP --keep    #
#                    bignum_exptmod_FP --keep bignum_get_unsigned_bin_FP      #
#                    --keep bignum_get_unsigned_bin_len_FP --keep             #
#                    bignum_init_FP --keep bignum_mul_FP --keep               #
#                    bignum_mulmod_FP --keep bignum_set_unsigned_bin_FP       #
#                    --keep bind_FP --keep bsd_callback_resolve_FP --keep     #
#                    bsd_number_convert_FP --keep challenge_hash_FP --keep    #
#                    challenge_response_FP --keep connect_FP --keep           #
#                    crypto_cipher_decrypt_FP --keep crypto_cipher_deinit_FP  #
#                    --keep crypto_cipher_encrypt_FP --keep                   #
#                    crypto_cipher_init_FP --keep crypto_global_deinit_FP     #
#                    --keep crypto_global_init_FP --keep                      #
#                    crypto_hash_finish_FP --keep crypto_hash_init_FP --keep  #
#                    crypto_hash_update_FP --keep crypto_mod_exp_FP --keep    #
#                    ddt_init_FP --keep ddt_init_m_FP --keep des_encrypt_FP   #
#                    --keep dh5_derive_shared_FP --keep dh5_free_FP --keep    #
#                    dh5_init_FP --keep dh_derive_shared_FP --keep            #
#                    dh_groups_get_FP --keep dh_init_FP --keep                #
#                    dhcpv6ReceiveNotify_FP --keep dtls_alert_FP --keep       #
#                    dtls_client_cert_chain_der_len_FP --keep                 #
#                    dtls_client_deinit_FP --keep dtls_client_established_FP  #
#                    --keep dtls_client_free_dh_FP --keep                     #
#                    dtls_client_handshake_FP --keep                          #
#                    dtls_client_handshake_write_FP --keep                    #
#                    dtls_client_hello_ext_FP --keep dtls_client_init_FP      #
#                    --keep dtls_client_process_handshake_FP --keep           #
#                    dtls_client_send_alert_FP --keep                         #
#                    dtls_client_set_cred_FP --keep dtls_decrypt_FP --keep    #
#                    dtls_derive_keys_FP --keep dtls_derive_pre_master_secret #
#                    _FP --keep dtls_encrypt_FP --keep dtls_fragment_msg_FP   #
#                    --keep dtls_key_x_anon_dh_FP --keep dtls_key_x_rsa_FP    #
#                    --keep dtls_prepare_flight_FP --keep                     #
#                    dtls_process_application_data_FP --keep                  #
#                    dtls_process_certificate_FP --keep                       #
#                    dtls_process_certificate_request_FP --keep               #
#                    dtls_process_diffie_hellman_FP --keep                    #
#                    dtls_process_server_change_cipher_spec_FP --keep         #
#                    dtls_process_server_finished_FP --keep                   #
#                    dtls_process_server_hello_FP --keep                      #
#                    dtls_process_server_hello_done_FP --keep                 #
#                    dtls_process_server_hello_verify_FP --keep               #
#                    dtls_process_server_key_exchange_FP --keep               #
#                    dtls_proicess_hanshake_FP --keep dtls_reassemble_msg_FP  #
#                    --keep dtls_record_change_read_cipher_FP --keep          #
#                    dtls_record_change_write_cipher_FP --keep                #
#                    dtls_record_hdr_update_FP --keep dtls_record_receive_FP  #
#                    --keep dtls_record_set_cipher_suite_FP --keep            #
#                    dtls_retransmit_abort_FP --keep dtls_retransmit_cb_FP    #
#                    --keep dtls_send_change_cipher_spec_FP --keep            #
#                    dtls_send_client_hello_FP --keep                         #
#                    dtls_send_client_key_exchange_FP --keep                  #
#                    dtls_send_data_FP --keep dtls_write_client_certificate_F #
#                    P --keep dtls_write_client_certificate_verify_FP --keep  #
#                    dtls_write_client_change_cipher_spec_FP --keep           #
#                    dtls_write_client_finished_FP --keep                     #
#                    dtls_write_client_key_exchange_FP --keep                 #
#                    eap_fast_add_pac_FP --keep eap_fast_free_pac_FP --keep   #
#                    eap_fast_get_pac_FP --keep eap_fast_load_pac_FP --keep   #
#                    eap_fast_load_pac_bin_FP --keep                          #
#                    eap_fast_pac_list_truncate_FP --keep                     #
#                    eap_fast_save_pac_FP --keep eap_fast_save_pac_bin_FP     #
#                    --keep eap_get_id_FP --keep eap_get_name_FP --keep       #
#                    eap_get_names_FP --keep eap_get_names_as_string_array_FP #
#                     --keep eap_get_type_FP --keep eap_hdr_validate_FP       #
#                    --keep eap_msg_alloc_FP --keep                           #
#                    eap_peer_fast_register_FP --keep                         #
#                    eap_peer_get_eap_method_FP --keep                        #
#                    eap_peer_get_methods_FP --keep eap_peer_get_type_FP      #
#                    --keep eap_peer_gpsk_register_FP --keep                  #
#                    eap_peer_gtc_register_FP --keep                          #
#                    eap_peer_ikev2_register_FP --keep                        #
#                    eap_peer_leap_register_FP --keep                         #
#                    eap_peer_md5_register_FP --keep                          #
#                    eap_peer_method_alloc_FP --keep eap_peer_method_free_FP  #
#                    --keep eap_peer_method_register_FP --keep                #
#                    eap_peer_mschapv2_register_FP --keep                     #
#                    eap_peer_otp_register_FP --keep                          #
#                    eap_peer_pax_register_FP --keep                          #
#                    eap_peer_peap_register_FP --keep                         #
#                    eap_peer_psk_register_FP --keep                          #
#                    eap_peer_sake_register_FP --keep                         #
#                    eap_peer_select_phase2_methods_FP --keep                 #
#                    eap_peer_sim_register_FP --keep                          #
#                    eap_peer_tls_build_ack_FP --keep                         #
#                    eap_peer_tls_decrypt_FP --keep                           #
#                    eap_peer_tls_derive_key_FP --keep                        #
#                    eap_peer_tls_encrypt_FP --keep                           #
#                    eap_peer_tls_phase2_nak_FP --keep                        #
#                    eap_peer_tls_process_helper_FP --keep                    #
#                    eap_peer_tls_process_init_FP --keep                      #
#                    eap_peer_tls_reauth_init_FP --keep                       #
#                    eap_peer_tls_register_FP --keep                          #
#                    eap_peer_tls_reset_input_FP --keep                       #
#                    eap_peer_tls_reset_output_FP --keep                      #
#                    eap_peer_tls_ssl_deinit_FP --keep                        #
#                    eap_peer_tls_ssl_init_FP --keep eap_peer_tls_status_FP   #
#                    --keep eap_peer_ttls_register_FP --keep                  #
#                    eap_peer_unregister_methods_FP --keep                    #
#                    eap_peer_vendor_test_register_FP --keep                  #
#                    eap_peer_wsc_register_FP --keep eap_update_len_FP        #
#                    --keep eapol_sm_deinit_FP --keep eapol_sm_init_FP        #
#                    --keep eapol_sm_notify_config_FP --keep                  #
#                    eapol_sm_notify_eap_fail_FP --keep                       #
#                    eapol_sm_notify_eap_success_FP --keep                    #
#                    eapol_sm_rx_eapol_FP --keep eloop_cancel_timeout_FP      #
#                    --keep eloop_is_timeout_registered_FP --keep             #
#                    eloop_register_timeout_FP --keep                         #
#                    encrypt_pw_block_with_password_hash_FP --keep fcntl_FP   #
#                    --keep fg_abortclose_FP --keep fg_chdir_FP --keep        #
#                    fg_chdrive_FP --keep fg_checkvolume_FP --keep            #
#                    fg_close_FP --keep fg_delete_FP --keep fg_eof_FP --keep  #
#                    fg_filelength_FP --keep fg_findfirst_FP --keep           #
#                    fg_findnext_FP --keep fg_flush_FP --keep fg_format_FP    #
#                    --keep fg_ftruncate_FP --keep fg_get_drive_count_FP      #
#                    --keep fg_get_drive_list_FP --keep fg_get_oem_FP --keep  #
#                    fg_getc_FP --keep fg_getcwd_FP --keep fg_getdcwd_FP      #
#                    --keep fg_getdrive_FP --keep fg_getfreespace_FP --keep   #
#                    fg_getlabel_FP --keep fg_getpermission_FP --keep         #
#                    fg_gettimedate_FP --keep fg_init_FP --keep fg_mkdir_FP   #
#                    --keep fg_mountdrive_FP --keep fg_move_FP --keep         #
#                    fg_open_FP --keep fg_putc_FP --keep fg_read_FP --keep    #
#                    fg_rename_FP --keep fg_rewind_FP --keep fg_rmdir_FP      #
#                    --keep fg_seek_FP --keep fg_seteof_FP --keep             #
#                    fg_setlabel_FP --keep fg_setlasterror_FP --keep          #
#                    fg_setlasterror_noret_FP --keep fg_setpermission_FP      #
#                    --keep fg_settimedate_FP --keep fg_stat_FP --keep        #
#                    fg_staticisblkfree_FP --keep fg_staticisblkused_FP       #
#                    --keep fg_staticwear_FP --keep fg_tell_FP --keep         #
#                    fg_truncate_FP --keep fg_unmountdrive_FP --keep          #
#                    fg_wmkdir_FP --keep fg_write_FP --keep fips186_2_prf_FP  #
#                    --keep fs_getmem_flashdrive_FP --keep                    #
#                    fs_mount_flashdrive_FP --keep fs_mount_ramdrive_FP       #
#                    --keep fsm_abortclose_FP --keep fsm_addsectorchain_FP    #
#                    --keep fsm_allocdata_FP --keep fsm_allocdatasize_FP      #
#                    --keep fsm_calccrc32_FP --keep fsm_chdir_FP --keep       #
#                    fsm_chdrive_FP --keep fsm_checkname_FP --keep            #
#                    fsm_checknamewc_FP --keep fsm_checksectorbad_FP --keep   #
#                    fsm_checksectorfree_FP --keep fsm_checkvolume_FP --keep  #
#                    fsm_close_FP --keep fsm_delete_FP --keep fsm_enterFS_FP  #
#                    --keep fsm_eof_FP --keep fsm_filelength_FP --keep        #
#                    fsm_findfirst_FP --keep fsm_findfreeblock_FP --keep      #
#                    fsm_findnext_FP --keep fsm_flush_FP --keep               #
#                    fsm_format_FP --keep fsm_ftruncate_FP --keep             #
#                    fsm_get_drive_count_FP --keep fsm_get_drive_list_FP      #
#                    --keep fsm_get_oem_FP --keep fsm_getc_FP --keep          #
#                    fsm_getcwd_FP --keep fsm_getdcwd_FP --keep               #
#                    fsm_getdrive_FP --keep fsm_getfreespace_FP --keep        #
#                    fsm_getlabel_FP --keep fsm_getlasterror_FP --keep        #
#                    fsm_getpermission_FP --keep fsm_gettimedate_FP --keep    #
#                    fsm_memcpy_FP --keep fsm_memset_FP --keep fsm_mkdir_FP   #
#                    --keep fsm_mountdrive_FP --keep fsm_move_FP --keep       #
#                    fsm_open_FP --keep fsm_putc_FP --keep fsm_read_FP        #
#                    --keep fsm_readflash_FP --keep fsm_releaseFS_FP --keep   #
#                    fsm_rename_FP --keep fsm_rewind_FP --keep fsm_rmdir_FP   #
#                    --keep fsm_seek_FP --keep fsm_seteof_FP --keep           #
#                    fsm_setlabel_FP --keep fsm_setmaxfile_FP --keep          #
#                    fsm_setpermission_FP --keep fsm_setsectorsize_FP --keep  #
#                    fsm_settimedate_FP --keep fsm_stat_FP --keep             #
#                    fsm_staticwear_FP --keep fsm_strlen_FP --keep            #
#                    fsm_swapbadblock_FP --keep fsm_tell_FP --keep            #
#                    fsm_truncate_FP --keep fsm_unmountdrive_FP --keep        #
#                    fsm_wearleveling_FP --keep fsm_write_FP --keep           #
#                    fsm_writeverifyflash_FP --keep                           #
#                    generate_authenticator_response_FP --keep                #
#                    generate_authenticator_response_pwhash_FP --keep         #
#                    generate_nt_response_FP --keep                           #
#                    generate_nt_response_pwhash_FP --keep                    #
#                    generate_sha1_keys_FP --keep get_asymetric_start_key_FP  #
#                    --keep get_currenttimedate_FP --keep get_master_key_FP   #
#                    --keep getpeername_FP --keep getsockname_FP --keep       #
#                    getsockopt_FP --keep gsn_bsd_cb_wrapper_FP --keep        #
#                    gsnhttpd_timer_expiration_fn_FP --keep                   #
#                    hash_nt_password_hash_FP --keep hmac_md5_FP --keep       #
#                    hmac_md5_vector_FP --keep hmac_sha1_FP --keep            #
#                    hmac_sha1_vector_FP --keep hmac_sha1_vector_quick_FP     #
#                    --keep hmac_sha256_FP --keep hmac_sha256_vector_FP       #
#                    --keep inet_addr_FP --keep inet_aton_FP --keep           #
#                    inet_ntoa_FP --keep ioctl_FP --keep                      #
#                    length_return_type_FP --keep listen_FP --keep            #
#                    md5_vector_FP --keep mschapv2_derive_response_FP --keep  #
#                    mschapv2_remove_domain_FP --keep                         #
#                    mschapv2_verify_auth_response_FP --keep                  #
#                    new_password_encrypted_with_old_nt_password_hash_FP      #
#                    --keep nt_challenge_response_FP --keep                   #
#                    nt_password_hash_FP --keep nt_password_hash_encrypted_wi #
#                    th_block_FP --keep nx_bsd_callback_FP --keep             #
#                    nx_bsd_callback_register_FP --keep                       #
#                    nx_bsd_callback_register_param2_FP --keep                #
#                    nx_bsd_callback_register_param_FP --keep                 #
#                    nx_bsd_find_interface_by_source_addr_FP --keep           #
#                    nx_bsd_packet_ptr_get_FP --keep nx_bsd_select_wakeup_FP  #
#                    --keep nx_bsd_send_internal_FP --keep                    #
#                    nx_bsd_set_error_code_FP --keep                          #
#                    nx_bsd_set_socket_disconnect_complete_notify_FP --keep   #
#                    nx_bsd_set_socket_establish_notify_FP --keep             #
#                    nx_bsd_socket_inherit_user_callback_FP --keep            #
#                    nx_bsd_socket_ptr_get_FP --keep                          #
#                    nx_bsd_socket_set_inherited_settings_FP --keep           #
#                    nx_bsd_socket_tcp_disconnect_extended_handler_FP --keep  #
#                    nx_bsd_socket_tcp_disconnect_handler_FP --keep           #
#                    nx_bsd_tcp_create_listen_socket_FP --keep                #
#                    nx_bsd_tcp_establish_notify_FP --keep                    #
#                    nx_bsd_tcp_pending_connection_FP --keep                  #
#                    nx_bsd_tcp_receive_notify_FP --keep                      #
#                    nx_bsd_tcp_socket_disconnect_notify_FP --keep            #
#                    nx_bsd_tcp_socket_error_notify_FP --keep                 #
#                    nx_bsd_tcp_socket_queue_depth_notify_FP --keep           #
#                    nx_bsd_tcp_syn_received_notify_FP --keep                 #
#                    nx_bsd_tcp_window_update_notify_FP --keep                #
#                    nx_bsd_thread_entry_FP --keep nx_bsd_timeout_process_FP  #
#                    --keep nx_bsd_udp_packet_received_FP --keep              #
#                    nx_bsd_udp_receive_notify_FP --keep                      #
#                    nx_bsd_user_cb_invoke_FP --keep                          #
#                    nx_bsd_user_cb_resolve_FP --keep oal_event_create_FP     #
#                    --keep oal_event_delete_FP --keep oal_event_get_FP       #
#                    --keep oal_event_set_FP --keep oal_event_set_int_FP      #
#                    --keep oal_mutex_create_FP --keep oal_mutex_delete_FP    #
#                    --keep oal_mutex_get_FP --keep oal_mutex_put_FP --keep   #
#                    oal_task_create_FP --keep oal_task_delete_FP --keep      #
#                    oal_task_get_id_FP --keep oal_task_sleep_FP --keep       #
#                    oal_task_yield_FP --keep old_nt_password_hash_encrypted_ #
#                    with_new_nt_password_hash_FP --keep omac1_aes_128_FP     #
#                    --keep omac1_aes_128_vector_FP --keep os_free1_FP        #
#                    --keep os_get_random_FP --keep os_get_time_FP --keep     #
#                    os_malloc1_FP --keep os_mktime_FP --keep os_random_FP    #
#                    --keep os_realloc1_FP --keep os_sleep_FP --keep          #
#                    os_strcasecmp_FP --keep os_strdup_FP --keep              #
#                    os_strlcpy_FP --keep os_zalloc1_FP --keep                #
#                    pbkdf2_sha1_FP --keep pbkdf2_sha1_f_FP --keep            #
#                    peerkey_deinit_FP --keep peerkey_rx_eapol_4way_FP        #
#                    --keep peerkey_rx_eapol_smk_FP --keep                    #
#                    pmksa_cache_add_FP --keep pmksa_cache_add_okc_FP --keep  #
#                    pmksa_cache_auth_add_FP --keep                           #
#                    pmksa_cache_auth_deinit_FP --keep                        #
#                    pmksa_cache_auth_get_FP --keep pmksa_cache_auth_init_FP  #
#                    --keep pmksa_cache_clear_current_FP --keep               #
#                    pmksa_cache_deinit_FP --keep pmksa_cache_flush_FP        #
#                    --keep pmksa_cache_get_FP --keep                         #
#                    pmksa_cache_get_current_FP --keep                        #
#                    pmksa_cache_get_okc_FP --keep                            #
#                    pmksa_cache_get_opportunistic_FP --keep                  #
#                    pmksa_cache_init_FP --keep pmksa_cache_list_FP --keep    #
#                    pmksa_cache_set_current_FP --keep                        #
#                    pmksa_cache_to_eapol_data_FP --keep                      #
#                    psp_getcurrenttimedate_FP --keep ram_memcpy_FP --keep    #
#                    rc4_skip_FP --keep recv_FP --keep recvfrom_FP --keep     #
#                    s_bg_exptmod_FP --keep s_bg_op_FP --keep search_tag_FP   #
#                    --keep select_FP --keep send_FP --keep sendto_FP --keep  #
#                    set_errno_FP --keep setsockopt_FP --keep sha1_prf_FP     #
#                    --keep sha1_t_prf_FP --keep sha1_vector_FP --keep        #
#                    sha256_prf_FP --keep sha256_vector_FP --keep             #
#                    soc_close_FP --keep soc_close_extended_FP --keep         #
#                    socket_FP --keep tfBase64Decode_FP --keep                #
#                    tfBase64DecodedLen_FP --keep tfBase64Encode_FP --keep    #
#                    tfBase64OutputLen_FP --keep tfBcopy_FP --keep            #
#                    tfBlockingState_FP --keep tfClose_FP --keep              #
#                    tfCopyString_FP --keep tfFSCloseFile_FP --keep           #
#                    tfFSFileExists_FP --keep tfFSGetFileLen_FP --keep        #
#                    tfFSOpenFile_FP --keep tfFSReadFile_FP --keep            #
#                    tfFSSeekFile_FP --keep tfFreeZeroCopyBuffer_FP --keep    #
#                    tfGetMssLen_FP --keep tfGetSocketError_FP --keep         #
#                    tfGetTimeString_FP --keep tfGetUtcTime_FP --keep         #
#                    tfGetZeroCopyBuffer_FP --keep tfHttpFindHeaderIndex_FP   #
#                    --keep tfHttpGetChunkLen_FP --keep                       #
#                    tfHttpGetCurrentTime_FP --keep tfHttpcCheckSocket_FP     #
#                    --keep tfHttpcGetLine_FP --keep tfHttpcGetResponse_FP    #
#                    --keep tfHttpcParseHeader_FP --keep                      #
#                    tfHttpcParseResponse_FP --keep                           #
#                    tfHttpcParseStatusLine_FP --keep tfHttpcSendLine_FP      #
#                    --keep tfHttpcSendRequestEnd_FP --keep                   #
#                    tfHttpcStr2Int_FP --keep tfHttpcUserBind_FP --keep       #
#                    tfHttpcUserClose_FP --keep tfHttpcUserConnect_FP --keep  #
#                    tfHttpcUserExecute_FP --keep                             #
#                    tfHttpcUserGetResponseBody_FP --keep                     #
#                    tfHttpcUserGetResponseHeaders_FP --keep                  #
#                    tfHttpcUserGetResponseStatusLine_FP --keep               #
#                    tfHttpcUserOpen_FP --keep tfHttpcUserRegisterResponseHea #
[...]
tlsv1_server_established {Abs}
                        0x0000d839      0xe  Code  Gb  rom-final.a [2]
tlsv1_server_get_cipher_FP
                        0x0012146c      0x4  Data  Gb  gsn_rom_patch_fpt.o [9]
tlsv1_server_global_deinit_FP
                        0x00121454      0x4  Data  Gb  gsn_rom_patch_fpt.o [9]
tlsv1_server_global_init_FP
                        0x00121450      0x4  Data  Gb  gsn_rom_patch_fpt.o [9]
tlsv1_server_handshake {Abs}
                        0x0000d55b    0x100  Code  Gb  rom-final.a [2]
tlsv1_server_handshake_FP
                        0x00121460      0x4  Data  Gb  gsn_rom_patch_fpt.o [9]
tlsv1_server_handshake_write_FP
                        0x001215a8      0x4  Data  Gb  gsn_rom_patch_fpt.o [9]
tlsv1_server_init {Abs}
                        0x0000d74d     0x5a  Code  Gb  rom-final.a [2]
tlsv1_server_init_FP    0x00121458      0x4  Data  Gb  gsn_rom_patch_fpt.o [9]
tlsv1_server_prf_FP     0x00121558      0x4  Data  Gb  gsn_rom_patch_fpt.o [9]
tlsv1_server_process_handshake_FP
                        0x0012157c      0x4  Data  Gb  gsn_rom_patch_fpt.o [9]
tlsv1_server_send_alert_FP
                        0x001215ac      0x4  Data  Gb  gsn_rom_patch_fpt.o [9]
tlsv1_server_set_cipher_list_FP
                        0x00121474      0x4  Data  Gb  gsn_rom_patch_fpt.o [9]
tlsv1_server_shutdown_FP
                        0x00121470      0x4  Data  Gb  gsn_rom_patch_fpt.o [9]
tlsv1_set_ca_cert {Abs}
                        0x0000ed63     0x2a  Code  Gb  rom-final.a [2]
tlsv1_set_ca_cert_FP    0x0012151c      0x4  Data  Gb  gsn_rom_patch_fpt.o [9]
tlsv1_set_cert {Abs}    0x0000ed8d      0x4  Code  Gb  rom-final.a [2]
tlsv1_set_cert_chain_FP
                        0x00121518      0x4  Data  Gb  gsn_rom_patch_fpt.o [9]
tlsv1_set_dhparams {Abs}
                        0x0000f0a1     0x4a  Code  Gb  rom-final.a [2]
tlsv1_set_dhparams_FP   0x00121538      0x4  Data  Gb  gsn_rom_patch_fpt.o [9]
tlsv1_set_dhparams_blob_FP
                        0x00121534      0x4  Data  Gb  gsn_rom_patch_fpt.o [9]
tlsv1_set_dhparams_der_FP
                        0x00121530      0x4  Data  Gb  gsn_rom_patch_fpt.o [9]
tlsv1_set_key_FP        0x00121528      0x4  Data  Gb  gsn_rom_patch_fpt.o [9]
tlsv1_set_key_enc_pem_FP
                        0x00121524      0x4  Data  Gb  gsn_rom_patch_fpt.o [9]
tlsv1_set_key_pem_FP    0x00121520      0x4  Data  Gb  gsn_rom_patch_fpt.o [9]
tlsv1_set_private_key {Abs}
                        0x0000eed7     0x70  Code  Gb  rom-final.a [2]
tlsv1_set_private_key_FP
                        0x0012152c      0x4  Data  Gb  gsn_rom_patch_fpt.o [9]
tm_call_lock_wait {Abs}
                        0x000051e9     0x1c  Code  Gb  rom-final.a [2]
tm_call_lock_wait_FP    0x00120b78      0x4  Data  Gb  gsn_rom_patch_fpt.o [9]
tm_call_unlock {Abs}    0x00005209     0x18  Code  Gb  rom-final.a [2]
tm_call_unlock_FP       0x00120b7c      0x4  Data  Gb  gsn_rom_patch_fpt.o [9]
tolower {Abs}           0x0007f2b3      0xc  Code  Gb  rom-final.a [2]
tvCurrentContextStruct {Abs}
                        0x2000f244    0x118  Data  Gb  rom-final.a [2]
tvHttpHeaderNames {Abs}
                        0x00009ed0     0x64  Data  Gb  rom-final.a [2]
tvHttpMethodStr {Abs}   0x000763bc     0x1c  Data  Gb  rom-final.a [2]
tvHttpVersionStr {Abs}  0x000763ac     0x10  Data  Gb  rom-final.a [2]
uartBuf                 0x2001f700    0x400  Data  Gb  app_uart_print.o [6]
uartHandle              0x20019f88    0x110  Data  Lc  app_uart_print.o [6]
uuid_gen_mac_addr {Abs}
                        0x00032bed     0x54  Code  Gb  rom-final.a [2]
vsnprintf {Abs}         0x00019a39     0x3c  Code  Gb  rom-final.a [2]
wdTmr {Abs}             0x20009890     0x20  Data  Gb  rom-final.a [2]
wdTmrHndl {Abs}         0x20009888      0x4  Data  Gb  rom-final.a [2]
wddStack                0x2001b3b8   0x1000  Data  Lc  app_main_thread.o [1]
wlanRespTimeoutTmr      0x20019eb0     0x20  Data  Lc  app_main_thread.o [1]
wlanRespTimeoutTmrHndl  0x2001f56c      0x4  Data  Lc  app_main_thread.o [1]
wlanScanSem             0x200207a4     0x1c  Data  Gb  gsn_wlan_scan.o [11]
wpaCtx {Abs}            0x200103d4     0x30  Data  Gb  rom-final.a [2]
wpa_auth_sm_event {Abs}
                        0x0002747b     0x92  Code  Gb  rom-final.a [2]
wpa_auth_sm_event_FP    0x0012129c      0x4  Data  Gb  gsn_rom_patch_fpt.o [9]
wpa_auth_sm_notify_FP   0x001212a0      0x4  Data  Gb  gsn_rom_patch_fpt.o [9]
wpa_auth_sta_associated {Abs}
                        0x0002657f     0x6e  Code  Gb  rom-final.a [2]
wpa_auth_sta_associated_FP
                        0x00121288      0x4  Data  Gb  gsn_rom_patch_fpt.o [9]
wpa_auth_sta_deinit {Abs}
                        0x00026665     0x98  Code  Gb  rom-final.a [2]
wpa_auth_sta_deinit_FP  0x00121290      0x4  Data  Gb  gsn_rom_patch_fpt.o [9]
wpa_auth_sta_init {Abs}
                        0x0002653d     0x42  Code  Gb  rom-final.a [2]
wpa_auth_sta_init_FP    0x00121284      0x4  Data  Gb  gsn_rom_patch_fpt.o [9]
wpa_auth_sta_no_wpa {Abs}
                        0x0002660b     0x16  Code  Gb  rom-final.a [2]
wpa_auth_sta_no_wpa_FP  0x0012128c      0x4  Data  Gb  gsn_rom_patch_fpt.o [9]
wpa_auth_uses_mfp_FP    0x00121280      0x4  Data  Gb  gsn_rom_patch_fpt.o [9]
wpa_deinit {Abs}        0x000264ad     0x52  Code  Gb  rom-final.a [2]
wpa_ft_action_rx_FP     0x001212bc      0x4  Data  Gb  gsn_rom_patch_fpt.o [9]
wpa_ft_process_auth_FP  0x001212b4      0x4  Data  Gb  gsn_rom_patch_fpt.o [9]
wpa_ft_push_pmk_r1_FP   0x001212c4      0x4  Data  Gb  gsn_rom_patch_fpt.o [9]
wpa_ft_rrb_rx_FP        0x001212c0      0x4  Data  Gb  gsn_rom_patch_fpt.o [9]
wpa_ft_validate_reassoc_FP
                        0x001212b8      0x4  Data  Gb  gsn_rom_patch_fpt.o [9]
wpa_get_mib_FP          0x001212a8      0x4  Data  Gb  gsn_rom_patch_fpt.o [9]
wpa_get_mib_sta_FP      0x001212ac      0x4  Data  Gb  gsn_rom_patch_fpt.o [9]
wpa_gtk_rekey_FP        0x001212a4      0x4  Data  Gb  gsn_rom_patch_fpt.o [9]
wpa_key_mgmt_wpa_ieee8021x
                        0x001954ad      0xa  Code  Lc  gsn_wpa_suppif_patch.o [7]
wpa_receive_FP          0x00121294      0x4  Data  Gb  gsn_rom_patch_fpt.o [9]
wpa_remove_ptk_FP       0x00121298      0x4  Data  Gb  gsn_rom_patch_fpt.o [9]
wpa_sm_deinit {Abs}     0x00039fd7     0x72  Code  Gb  rom-final.a [2]
wpa_sm_deinit_FP        0x001213fc      0x4  Data  Gb  gsn_rom_patch_fpt.o [9]
wpa_sm_init {Abs}       0x00039f6b     0x6c  Code  Gb  rom-final.a [2]
wpa_sm_init_FP          0x001213f8      0x4  Data  Gb  gsn_rom_patch_fpt.o [9]
wpa_sm_key_request {Abs}
                        0x0003900b     0xe6  Code  Gb  rom-final.a [2]
wpa_sm_notify_assoc {Abs}
                        0x0003a049     0x48  Code  Gb  rom-final.a [2]
wpa_sm_notify_disassoc {Abs}
                        0x0003a091     0x1e  Code  Gb  rom-final.a [2]
wpa_sm_rx_eapol {Abs}   0x00039daf    0x172  Code  Gb  rom-final.a [2]
wpa_sm_rx_eapol_FP      0x00121408      0x4  Data  Gb  gsn_rom_patch_fpt.o [9]
wpa_sm_set_ap_rsn_ie {Abs}
                        0x0003a36d     0x46  Code  Gb  rom-final.a [2]
wpa_sm_set_assoc_wpa_ie_default {Abs}
                        0x0003a293     0x40  Code  Gb  rom-final.a [2]
wpa_sm_set_eapol {Abs}  0x0003a1a1      0x8  Code  Gb  rom-final.a [2]
wpa_sm_set_own_addr {Abs}
                        0x0003a187      0xe  Code  Gb  rom-final.a [2]
wpa_sm_set_param {Abs}  0x0003a1a9     0x5a  Code  Gb  rom-final.a [2]
wpa_sm_set_pmk {Abs}    0x0003a0af     0x1e  Code  Gb  rom-final.a [2]
wpa_sm_set_pmk_FP       0x00121400      0x4  Data  Gb  gsn_rom_patch_fpt.o [9]
wpa_sm_set_pmk_from_pmksa_FP
                        0x00121404      0x4  Data  Gb  gsn_rom_patch_fpt.o [9]
wpa_sm_write_assoc_resp_ies_FP
                        0x001212b0      0x4  Data  Gb  gsn_rom_patch_fpt.o [9]
wpa_validate_wpa_ie {Abs}
                        0x000293a9    0x2b0  Code  Gb  rom-final.a [2]
wpa_validate_wpa_ie_FP  0x0012127c      0x4  Data  Gb  gsn_rom_patch_fpt.o [9]
wpabuf_free {Abs}       0x0001f2bb     0x1c  Code  Gb  rom-final.a [2]
wpsConnDone             0x2001fc10      0x4  Data  Gb  app_sm.o [6]
wpsConnectToChnl        0x200207c0      0x2  Data  Gb  gsn_wpsif_patch.o [7]
wpsL2ConInfoStore       0x200207c2      0x1  Data  Gb  app_sm.o [6]
wps_build_assoc_req_ie {Abs}
                        0x0004d3b7     0x5a  Code  Gb  rom-final.a [2]
wps_build_probe_req_ie {Abs}
                        0x0004d46d     0xf6  Code  Gb  rom-final.a [2]
wps_enabled             0x00181278      0xc  Data  Gb  gsn_httpd_prov.o [11]
wps_mode                0x00181284      0xc  Data  Gb  gsn_httpd_prov.o [11]
wps_pin                 0x00181290      0xc  Data  Gb  gsn_httpd_prov.o [11]
wps_registrar_init {Abs}
                        0x000301bb     0x80  Code  Gb  rom-final.a [2]
wps_xml                 0x2002070c     0x18  Data  Lc  gsn_httpd_prov.o [11]
x509_cert_validation_skip
                        0x200207c7      0x1  Data  Gb  x509v3_patch.o [7]
x509_certificate_chain_free {Abs}
                        0x00019c2f     0x24  Code  Gb  rom-final.a [2]
x509_certificate_chain_free_FP
                        0x00121488      0x4  Data  Gb  gsn_rom_patch_fpt.o [9]
x509_certificate_chain_validate {Abs}
                        0x0001ad99    0x10c  Code  Gb  rom-final.a [2]
x509_certificate_chain_validate_FP
                        0x00121490      0x4  Data  Gb  gsn_rom_patch_fpt.o [9]
x509_certificate_chain_validate_patch
                        0x00191355    0x140  Code  Gb  x509v3_patch.o [7]
x509_certificate_check_signature {Abs}
                        0x0001ab99    0x1ce  Code  Gb  rom-final.a [2]
x509_certificate_check_signature_FP
                        0x0012148c      0x4  Data  Gb  gsn_rom_patch_fpt.o [9]
x509_certificate_free {Abs}
                        0x00019be5     0x4a  Code  Gb  rom-final.a [2]
x509_certificate_free_FP
                        0x00121478      0x4  Data  Gb  gsn_rom_patch_fpt.o [9]
x509_certificate_get_subject_FP
                        0x00121494      0x4  Data  Gb  gsn_rom_patch_fpt.o [9]
x509_certificate_parse {Abs}
                        0x0001aa7f     0xfc  Code  Gb  rom-final.a [2]
x509_certificate_parse_FP
                        0x0012147c      0x4  Data  Gb  gsn_rom_patch_fpt.o [9]
x509_certificate_parse_patch
                        0x00191953     0xfc  Code  Gb  x509v3_patch.o [7]
x509_certificate_self_signed_FP
                        0x00121498      0x4  Data  Gb  gsn_rom_patch_fpt.o [9]
x509_id_ce_oid {Abs}    0x0001a305     0x1e  Code  Gb  rom-final.a [2]
x509_name_compare {Abs}
                        0x00019d19     0x7a  Code  Gb  rom-final.a [2]
x509_name_compare_FP    0x00121484      0x4  Data  Gb  gsn_rom_patch_fpt.o [9]
x509_name_string {Abs}  0x0001a0ad     0xa0  Code  Gb  rom-final.a [2]
x509_name_string_FP     0x00121480      0x4  Data  Gb  gsn_rom_patch_fpt.o [9]
x509_parse_algorithm_identifier {Abs}
                        0x00019d93     0x4c  Code  Gb  rom-final.a [2]
x509_parse_alt_name_dns {Abs}
                        0x0001a467     0x4c  Code  Gb  rom-final.a [2]
x509_parse_alt_name_ip {Abs}
                        0x0001a507     0x32  Code  Gb  rom-final.a [2]
x509_parse_alt_name_rfc8222 {Abs}
                        0x0001a415     0x4c  Code  Gb  rom-final.a [2]
x509_parse_alt_name_rid {Abs}
                        0x0001a539     0x2e  Code  Gb  rom-final.a [2]
x509_parse_alt_name_uri {Abs}
                        0x0001a4b3     0x4c  Code  Gb  rom-final.a [2]
x509_parse_ext_alt_name_patch
                        0x001914a7     0xe8  Code  Gb  x509v3_patch.o [7]
x509_parse_ext_basic_constraints {Abs}
                        0x0001a363     0xb2  Code  Gb  rom-final.a [2]
x509_parse_ext_issuer_alt_name {Abs}
                        0x0001a63f     0x40  Code  Gb  rom-final.a [2]
x509_parse_ext_key_usage {Abs}
                        0x0001a323     0x40  Code  Gb  rom-final.a [2]
x509_parse_ext_subject_alt_name_patch
                        0x00191597     0x48  Code  Gb  x509v3_patch.o [7]
x509_parse_extension_data_patch
                        0x00191691     0x58  Code  Gb  x509v3_patch.o [7]
x509_parse_extension_patch
                        0x001915df     0xaa  Code  Gb  x509v3_patch.o [7]
x509_parse_extensions_patch
                        0x001916f1     0x4e  Code  Gb  x509v3_patch.o [7]
x509_parse_name {Abs}   0x00019e77    0x1e4  Code  Gb  rom-final.a [2]
x509_parse_public_key {Abs}
                        0x00019ddf     0x98  Code  Gb  rom-final.a [2]
x509_parse_tbs_certificate_patch
                        0x0019173f    0x202  Code  Gb  x509v3_patch.o [7]
x509_parse_validity {Abs}
                        0x0001a279     0x8c  Code  Gb  rom-final.a [2]
x509_valid_issuer {Abs}
                        0x0001ad6d     0x2c  Code  Gb  rom-final.a [2]
xmlDataSizeTable        0x00197884     0x14  Data  Gb  gsn_xml_Decoder_Patch.o [7]
xmlStrApDhcpServerEnabled
                        0x20020630      0x8  Data  Lc  gsn_httpd_config.o [11]
xmlStrApDhcpStartAddress
                        0x20020638     0x10  Data  Lc  gsn_httpd_config.o [11]
xmlStrApDnsServerEnabled
                        0x20020648      0x8  Data  Lc  gsn_httpd_config.o [11]
xmlStrApGateway         0x20020610     0x10  Data  Lc  gsn_httpd_config.o [11]
xmlStrApIpAddress       0x20020600     0x10  Data  Lc  gsn_httpd_config.o [11]
xmlStrApMode            0x200204a0     0x10  Data  Lc  gsn_httpd_config.o [11]
xmlStrApSecurityType    0x200205f0     0x10  Data  Lc  gsn_httpd_config.o [11]
xmlStrApSubnetmask      0x20020620     0x10  Data  Lc  gsn_httpd_config.o [11]
xmlStrClientDhcpFlag    0x20020500      0x8  Data  Lc  gsn_httpd_config.o [11]
xmlStrClientDnsServer   0x20020560     0x20  Data  Lc  gsn_httpd_config.o [11]
xmlStrClientEapType     0x200205a0     0x10  Data  Lc  gsn_httpd_config.o [11]
xmlStrClientGateway     0x20020580     0x20  Data  Lc  gsn_httpd_config.o [11]
xmlStrClientIpAddress   0x20020520     0x20  Data  Lc  gsn_httpd_config.o [11]
xmlStrClientSecurityType
                        0x20020508     0x10  Data  Lc  gsn_httpd_config.o [11]
xmlStrClientSubnetmask  0x20020540     0x20  Data  Lc  gsn_httpd_config.o [11]
xmlStrClientWepAuthType
                        0x20020518      0x8  Data  Lc  gsn_httpd_config.o [11]
xmlStrIpAddress         0x200204b0     0x20  Data  Lc  gsn_httpd_config.o [11]
xmlStrMacAddress        0x200204d0     0x20  Data  Lc  gsn_httpd_config.o [11]
xmlStrNetworkMode       0x20020490     0x10  Data  Lc  gsn_httpd_config.o [11]
xmlStrOtafuProxyIp      0x20020670     0x20  Data  Lc  gsn_httpd_config.o [11]
xmlStrOtafuServerIp     0x20020650     0x20  Data  Lc  gsn_httpd_config.o [11]
xmlStrRegDomain         0x200204f0     0x10  Data  Lc  gsn_httpd_config.o [11]
xmlStrWepKeyAp          0x200205d0     0x20  Data  Lc  gsn_httpd_config.o [11]
xmlStrWepKeyClient      0x200205b0     0x20  Data  Lc  gsn_httpd_config.o [11]
xml_ap_beacon_interval  0x00180de4      0xc  Data  Gb  gsn_httpd_config.o [11]
xml_ap_channel          0x00180dd8      0xc  Data  Gb  gsn_httpd_config.o [11]
xml_ap_dhcp_num_addrs   0x00180e50      0xc  Data  Gb  gsn_httpd_config.o [11]
xml_ap_dhcp_server_enable
                        0x00180e38      0xc  Data  Gb  gsn_httpd_config.o [11]
xml_ap_dhcp_start_addr  0x00180e44      0xc  Data  Gb  gsn_httpd_config.o [11]
xml_ap_dns_domain       0x00180e68      0xc  Data  Gb  gsn_httpd_config.o [11]
xml_ap_dns_server_enable
                        0x00180e5c      0xc  Data  Gb  gsn_httpd_config.o [11]
xml_ap_gateway          0x00180e2c      0xc  Data  Gb  gsn_httpd_config.o [11]
xml_ap_ip_addr          0x00180e14      0xc  Data  Gb  gsn_httpd_config.o [11]
xml_ap_ip_settings      0x00181060     0x60  Data  Gb  gsn_httpd_config.o [11]
xml_ap_mode             0x00180d18      0xc  Data  Gb  gsn_httpd_config.o [11]
xml_ap_password         0x00180e08      0xc  Data  Gb  gsn_httpd_config.o [11]
xml_ap_security         0x00180dfc      0xc  Data  Gb  gsn_httpd_config.o [11]
xml_ap_settings         0x001810c0     0x60  Data  Gb  gsn_httpd_config.o [11]
xml_ap_ssid             0x00180df0      0xc  Data  Gb  gsn_httpd_config.o [11]
xml_ap_subnetmask       0x00180e20      0xc  Data  Gb  gsn_httpd_config.o [11]
xml_ap_wireless_settings
                        0x00181000     0x60  Data  Gb  gsn_httpd_config.o [11]
xml_client_channel      0x00180d3c      0xc  Data  Gb  gsn_httpd_config.o [11]
xml_client_dns_addr     0x00180dcc      0xc  Data  Gb  gsn_httpd_config.o [11]
xml_client_eapPassword  0x00180d90      0xc  Data  Gb  gsn_httpd_config.o [11]
xml_client_eapType      0x00180d78      0xc  Data  Gb  gsn_httpd_config.o [11]
xml_client_eapUsername  0x00180d84      0xc  Data  Gb  gsn_httpd_config.o [11]
xml_client_gateway      0x00180dc0      0xc  Data  Gb  gsn_httpd_config.o [11]
xml_client_ip_addr      0x00180da8      0xc  Data  Gb  gsn_httpd_config.o [11]
xml_client_ip_settings  0x00180f40     0x60  Data  Gb  gsn_httpd_config.o [11]
xml_client_ip_type      0x00180d9c      0xc  Data  Gb  gsn_httpd_config.o [11]
xml_client_password     0x00180d6c      0xc  Data  Gb  gsn_httpd_config.o [11]
xml_client_security     0x00180d54      0xc  Data  Gb  gsn_httpd_config.o [11]
xml_client_settings     0x00180fa0     0x60  Data  Gb  gsn_httpd_config.o [11]
xml_client_ssid         0x00180d48      0xc  Data  Gb  gsn_httpd_config.o [11]
xml_client_subnetmask   0x00180db4      0xc  Data  Gb  gsn_httpd_config.o [11]
xml_client_wepauthtype  0x00180d60      0xc  Data  Gb  gsn_httpd_config.o [11]
xml_client_wireless_settings
                        0x00180ee0     0x60  Data  Gb  gsn_httpd_config.o [11]
xml_httpd_password      0x0018112c      0xc  Data  Gb  gsn_httpd_config.o [11]
xml_httpd_port          0x00181138      0xc  Data  Gb  gsn_httpd_config.o [11]
xml_httpd_settings      0x001893b4     0x60  Data  Gb  gsn_httpd_config.o [11]
xml_httpd_username      0x00181120      0xc  Data  Gb  gsn_httpd_config.o [11]
xml_ip_addr             0x00180d30      0xc  Data  Gb  gsn_httpd_config.o [11]
xml_ip_settings         0x00180e80     0x60  Data  Gb  gsn_httpd_config.o [11]
xml_mac_address         0x00180d24      0xc  Data  Gb  gsn_httpd_config.o [11]
xml_network_mode        0x00180d0c      0xc  Data  Gb  gsn_httpd_config.o [11]
xml_network_settings    0x00189354     0x60  Data  Gb  gsn_httpd_config.o [11]
xml_otafu_app1_name     0x00181180      0xc  Data  Gb  gsn_httpd_config.o [11]
xml_otafu_app2_name     0x0018118c      0xc  Data  Gb  gsn_httpd_config.o [11]
xml_otafu_base_loc      0x00181174      0xc  Data  Gb  gsn_httpd_config.o [11]
xml_otafu_proxy_ip      0x001811a4      0xc  Data  Gb  gsn_httpd_config.o [11]
xml_otafu_proxy_port    0x001811b0      0xc  Data  Gb  gsn_httpd_config.o [11]
xml_otafu_server_ip     0x0018115c      0xc  Data  Gb  gsn_httpd_config.o [11]
xml_otafu_server_port   0x00181168      0xc  Data  Gb  gsn_httpd_config.o [11]
xml_otafu_settings      0x00189474     0x60  Data  Gb  gsn_httpd_config.o [11]
xml_otafu_update_needed
                        0x001811bc      0xc  Data  Gb  gsn_httpd_config.o [11]
xml_otafu_wlan_name     0x00181198      0xc  Data  Gb  gsn_httpd_config.o [11]
xml_reg_domain          0x00180e74      0xc  Data  Gb  gsn_httpd_config.o [11]
xml_sys_id_name         0x00181144      0xc  Data  Gb  gsn_httpd_config.o [11]
xml_sys_id_settings     0x00189414     0x60  Data  Gb  gsn_httpd_config.o [11]
xml_sys_id_uid          0x00181150      0xc  Data  Gb  gsn_httpd_config.o [11]


[1] = F:\Development\GS2000\5.1.5\02_Apr_2015_04_30_38\adk\tls\build\Debug\Obj
[2] = F:\Development\GS2000\5.1.5\02_Apr_2015_04_30_38\geps\lib
[3] = command line
[4] = gsn_modules_flash.a
[5] = otafu.a
[6] = prefetch.a
[7] = rom_patch_app.a
[8] = rom_patch_auto.a
[9] = rom_patch_fpt.a
[10] = rt7M_tl.a
[11] = web_prov.a

  117 790 bytes of readonly  code memory
   13 312 bytes of readonly  data memory
   60 000 bytes of readwrite data memory

Errors: none
Warnings: none
